{
  "calcite": {
    "logical": "LogicalSystemLimit(fetch=[10000], type=[QUERY_SIZE_LIMIT])\n  LogicalProject(account_number=[$0], firstname=[$1], address=[$2], balance=[$3], gender=[$4], city=[$5], employer=[$6], state=[$7], age=[$8], email=[$9], lastname=[$16])\n    LogicalSort(fetch=[5])\n      LogicalProject(account_number=[$0], firstname=[$1], address=[$2], balance=[$3], gender=[$4], city=[$5], employer=[$6], state=[$7], age=[$8], email=[$9], _id=[$11], _index=[$12], _score=[$13], _maxscore=[$14], _sort=[$15], _routing=[$16], lastname=[REX_SED($10, 's/^[A-Z]/X/')])\n        LogicalFilter(condition=[REGEXP_CONTAINS($10, '^[A-Z]')])\n          CalciteLogicalIndexScan(table=[[OpenSearch, opensearch-sql_test_index_account]])\n",
    "physical": "EnumerableLimit(fetch=[10000])\n  EnumerableCalc(expr#0..16=[{inputs}], expr#17=['s/^[A-Z]/X/'], expr#18=[REX_SED($t10, $t17)], proj#0..9=[{exprs}], lastname=[$t18])\n    EnumerableLimit(fetch=[5])\n      EnumerableCalc(expr#0..16=[{inputs}], expr#17=['^[A-Z]'], expr#18=[REGEXP_CONTAINS($t10, $t17)], proj#0..16=[{exprs}], $condition=[$t18])\n        CalciteEnumerableIndexScan(table=[[OpenSearch, opensearch-sql_test_index_account]])\n"
  }
}
