{
  "calcite": {
    "logical": "LogicalProject(age=[$8])\n  LogicalFilter(condition=[SEARCH($8, Sarg[[1.0:DECIMAL(11, 1)..10:DECIMAL(11, 1))]:DECIMAL(11, 1))])\n    CalciteLogicalIndexScan(table=[[OpenSearch, opensearch-sql_test_index_account]])\n",
    "physical": "EnumerableCalc(expr#0..16=[{inputs}], expr#17=[Sarg[[1.0:DECIMAL(11, 1)..10:DECIMAL(11, 1))]:DECIMAL(11, 1)], expr#18=[SEARCH($t8, $t17)], age=[$t8], $condition=[$t18])\n  CalciteEnumerableIndexScan(table=[[OpenSearch, opensearch-sql_test_index_account]])\n"
  }
}
