calcite:
  logical: |
    LogicalSystemLimit(fetch=[10000], type=[QUERY_SIZE_LIMIT])
      LogicalProject(@timestamp=[$0], category=[$1], value=[$2], timestamp=[$3])
        LogicalFilter(condition=[query_string(MAP('query', '(@timestamp:>=2022\-12\-10T13\:11\:04Z) AND (@timestamp:<=2025\-09\-03T15\:10\:00Z)':VARCHAR))])
          CalciteLogicalIndexScan(table=[[OpenSearch, opensearch-sql_test_index_time_data]])
  physical: |
    EnumerableLimit(fetch=[10000])
      EnumerableCalc(expr#0..9=[{inputs}], proj#0..3=[{exprs}])
        CalciteEnumerableIndexScan(table=[[OpenSearch, opensearch-sql_test_index_time_data]], PushDownContext=[[FILTER->query_string(MAP('query', '(@timestamp:>=2022\-12\-10T13\:11\:04Z) AND (@timestamp:<=2025\-09\-03T15\:10\:00Z)':VARCHAR))], OpenSearchRequestBuilder(sourceBuilder={"from":0,"timeout":"1m","query":{"query_string":{"query":"(@timestamp:>=2022\\-12\\-10T13\\:11\\:04Z) AND (@timestamp:<=2025\\-09\\-03T15\\:10\\:00Z)","fields":[],"type":"best_fields","default_operator":"or","max_determinized_states":10000,"enable_position_increments":true,"fuzziness":"AUTO","fuzzy_prefix_length":0,"fuzzy_max_expansions":50,"phrase_slop":0,"escape":false,"auto_generate_synonyms_phrase_query":true,"fuzzy_transpositions":true,"boost":1.0}}}, requestedTotalSize=2147483647, pageSize=null, startFrom=0)])
