{
  "root": {
    "name": "ProjectOperator",
    "description": {
      "fields": "[age]"
    },
    "children": [
      {
        "name": "LimitOperator",
        "description": {
          "limit": 5,
          "offset": 0
        },
        "children": [
          {
            "name": "FilterOperator",
            "description": {
              "conditions": ">(age, 30)"
            },
            "children": [
              {
                "name": "OpenSearchIndexScan",
                "description": {
                  "request": "OpenSearchQueryRequest(indexName=opensearch-sql_test_index_account, sourceBuilder={\"from\":0,\"size\":10,\"timeout\":\"1m\"}, needClean=true, searchDone=false, pitId=null, cursorKeepAlive=null, searchAfter=null, searchResponse=null)"
                },
                "children": []
              }
            ]
          }
        ]
      }
    ]
  }
}