{
  "root" : {
    "name" : "ProjectOperator",
    "description" : {
      "fields" : "[account_number, firstname, address, birthdate, gender, city, lastname, balance, employer, state, age, email, male]"
    },
    "children" : [ {
      "name" : "OpenSearchIndexScan",
      "description" : {
        "request" : "OpenSearchQueryRequest(indexName=opensearch-sql_test_index_bank, sourceBuilder={\"from\":0,\"size\":10000,\"timeout\":\"1m\",\"query\":{\"bool\":{\"filter\":[{\"range\":{\"birthdate\":{\"from\":null,\"to\":1541721600000,\"include_lower\":true,\"include_upper\":false,\"boost\":1.0}}},{\"range\":{\"birthdate\":{\"from\":1481155200000,\"to\":null,\"include_lower\":false,\"include_upper\":true,\"boost\":1.0}}}],\"adjust_pure_negative\":true,\"boost\":1.0}},\"_source\":{\"includes\":[\"account_number\",\"firstname\",\"address\",\"birthdate\",\"gender\",\"city\",\"lastname\",\"balance\",\"employer\",\"state\",\"age\",\"email\",\"male\"],\"excludes\":[]},\"sort\":[{\"_doc\":{\"order\":\"asc\"}}]}, needClean=true, searchDone=false, pitId=s9y3QQEeb3BlbnNlYXJjaC1zcWxfdGVzdF9pbmRleF9iYW5rFmtHVFBVZFdaVEVTdzh4ZFVDYlFiU2cAFk8tSmZBa2hpUXRHOEFVTGdnMmxYUncAAAAAAAAAAAEWOFZwckxjWGhUaXVYRVBRWXptNFlQdwEWa0dUUFVkV1pURVN3OHhkVUNiUWJTZwAA, cursorKeepAlive=1m, searchAfter=null, searchResponse=null)"
      },
      "children" : [ ]
    } ]
  }
}