root:
  name: ProjectOperator
  description:
    fields: "[count(), process.name, aws.cloudwatch.log_stream]"
  children:
    - name: LimitOperator
      description:
        limit: 10
        offset: 0
      children:
        - name: OpenSearchIndexScan
          description:
            request: "OpenSearchQueryRequest(indexName=big5, sourceBuilder={\"from\"\
              :0,\"size\":0,\"timeout\":\"1m\",\"query\":{\"bool\":{\"filter\":[{\"\
              range\":{\"@timestamp\":{\"from\":1672531200000,\"to\":null,\"include_lower\"\
              :true,\"include_upper\":true,\"boost\":1.0}}},{\"range\":{\"@timestamp\"\
              :{\"from\":null,\"to\":1672704000000,\"include_lower\":true,\"include_upper\"\
              :false,\"boost\":1.0}}}],\"adjust_pure_negative\":true,\"boost\":1.0}},\"\
              aggregations\":{\"composite_buckets\":{\"composite\":{\"size\":1000,\"\
              sources\":[{\"process.name\":{\"terms\":{\"field\":\"process.name\"\
              ,\"missing_bucket\":true,\"missing_order\":\"first\",\"order\":\"asc\"\
              }}},{\"aws.cloudwatch.log_stream\":{\"terms\":{\"field\":\"aws.cloudwatch.log_stream\"\
              ,\"missing_bucket\":true,\"missing_order\":\"first\",\"order\":\"asc\"\
              }}}]},\"aggregations\":{\"count()\":{\"value_count\":{\"field\":\"_index\"\
              }}}}}}, needClean=true, searchDone=false, pitId=*, cursorKeepAlive=null,\
              \ searchAfter=null, searchResponse=null)"
          children: []