calcite:
  logical: |
    LogicalSystemLimit(fetch=[10000], type=[QUERY_SIZE_LIMIT])
      LogicalProject(avg_age=[$1], age_range=[$0])
        LogicalAggregate(group=[{0}], avg_age=[AVG($1)])
          LogicalProject(age_range=[CASE(<($10, 30), 'u30':VARCHAR, <($10, 40), 'u40':VARCHAR, 'u100':VARCHAR)], age=[$10])
            CalciteLogicalIndexScan(table=[[OpenSearch, opensearch-sql_test_index_bank]])
  physical: |
    EnumerableLimit(fetch=[10000])
      CalciteEnumerableIndexScan(table=[[OpenSearch, opensearch-sql_test_index_bank]], PushDownContext=[[AGGREGATION->rel#:LogicalAggregate.NONE.[](input=RelSubset#,group={0},avg_age=AVG($1)), PROJECT->[avg_age, age_range]], OpenSearchRequestBuilder(sourceBuilder={"from":0,"size":0,"timeout":"1m","aggregations":{"age_range":{"range":{"field":"age","ranges":[{"key":"u30","to":30.0},{"key":"u40","from":30.0,"to":40.0},{"key":"u100","from":40.0}],"keyed":true},"aggregations":{"avg_age":{"avg":{"field":"age"}}}}}}, requestedTotalSize=2147483647, pageSize=null, startFrom=0)])
