calcite:
  logical: |
    LogicalSystemLimit(fetch=[10000], type=[QUERY_SIZE_LIMIT])
      LogicalProject(count()=[$2], @timestamp=[$0], region=[$1])
        LogicalAggregate(group=[{0, 1}], count()=[COUNT()])
          LogicalProject(@timestamp=[$15], region=[$7])
            LogicalFilter(condition=[AND(IS NOT NULL($15), IS NOT NULL($7))])
              LogicalProject(environment=[$0], status_code=[$2], service=[$3], host=[$4], memory_usage=[$5], response_time=[$6], cpu_usage=[$7], region=[$8], bytes_sent=[$9], _id=[$10], _index=[$11], _score=[$12], _maxscore=[$13], _sort=[$14], _routing=[$15], @timestamp=[WIDTH_BUCKET($1, 3, -(MAX($1) OVER (), MIN($1) OVER ()), MAX($1) OVER ())])
                CalciteLogicalIndexScan(table=[[OpenSearch, events]])
  physical: |
    CalciteEnumerableIndexScan(table=[[OpenSearch, events]], PushDownContext=[[AGGREGATION->rel#:LogicalAggregate.NONE.[](input=RelSubset#,group={0, 1},count()=COUNT()), PROJECT->[count(), @timestamp, region], LIMIT->10000], OpenSearchRequestBuilder(sourceBuilder={"from":0,"size":0,"timeout":"1m","aggregations":{"region":{"terms":{"field":"region","size":1000,"min_doc_count":1,"shard_min_doc_count":0,"show_term_doc_count_error":false,"order":{"_key":"asc"}},"aggregations":{"@timestamp":{"auto_date_histogram":{"field":"@timestamp","buckets":3,"minimum_interval":null}}}}}}, requestedTotalSize=2147483647, pageSize=null, startFrom=0)])
