calcite:
  logical: |
    LogicalSystemLimit(fetch=[10000], type=[QUERY_SIZE_LIMIT])
      LogicalProject(account_number=[$0], firstname=[$1], address=[$2], balance=[$3], gender=[$4], city=[$5], employer=[$6], state=[$7], age=[$8], email=[$9], lastname=[$10])
        LogicalSort(fetch=[5])
          LogicalFilter(condition=[NOT(REGEXP_CONTAINS($10, '.*son$':VARCHAR))])
            CalciteLogicalIndexScan(table=[[OpenSearch, opensearch-sql_test_index_account]])
  physical: |
    CalciteEnumerableIndexScan(table=[[OpenSearch, opensearch-sql_test_index_account]], PushDownContext=[[PROJECT->[account_number, firstname, address, balance, gender, city, employer, state, age, email, lastname], SCRIPT->NOT(REGEXP_CONTAINS($10, '.*son$':VARCHAR)), LIMIT->5, LIMIT->10000], OpenSearchRequestBuilder(sourceBuilder={"from":0,"size":5,"timeout":"1m","query":{"script":{"script":{"source":"{\"langType\":\"calcite\",\"script\":\"rO0ABXNyABFqYXZhLnV0aWwuQ29sbFNlcleOq7Y6G6gRAwABSQADdGFneHAAAAADdwQAAAAGdAAHcm93VHlwZXQAl3sKICAiZmllbGRzIjogWwogICAgewogICAgICAidHlwZSI6ICJWQVJDSEFSIiwKICAgICAgIm51bGxhYmxlIjogdHJ1ZSwKICAgICAgInByZWNpc2lvbiI6IC0xLAogICAgICAibmFtZSI6ICJsYXN0bmFtZSIKICAgIH0KICBdLAogICJudWxsYWJsZSI6IGZhbHNlCn10AARleHBydAHzewogICJvcCI6IHsKICAgICJuYW1lIjogIk5PVCIsCiAgICAia2luZCI6ICJOT1QiLAogICAgInN5bnRheCI6ICJQUkVGSVgiCiAgfSwKICAib3BlcmFuZHMiOiBbCiAgICB7CiAgICAgICJvcCI6IHsKICAgICAgICAibmFtZSI6ICJSRUdFWFBfQ09OVEFJTlMiLAogICAgICAgICJraW5kIjogIk9USEVSX0ZVTkNUSU9OIiwKICAgICAgICAic3ludGF4IjogIkZVTkNUSU9OIgogICAgICB9LAogICAgICAib3BlcmFuZHMiOiBbCiAgICAgICAgewogICAgICAgICAgImlucHV0IjogMCwKICAgICAgICAgICJuYW1lIjogIiQwIgogICAgICAgIH0sCiAgICAgICAgewogICAgICAgICAgImxpdGVyYWwiOiAiLipzb24kIiwKICAgICAgICAgICJ0eXBlIjogewogICAgICAgICAgICAidHlwZSI6ICJWQVJDSEFSIiwKICAgICAgICAgICAgIm51bGxhYmxlIjogZmFsc2UsCiAgICAgICAgICAgICJwcmVjaXNpb24iOiAtMQogICAgICAgICAgfQogICAgICAgIH0KICAgICAgXQogICAgfQogIF0KfXQACmZpZWxkVHlwZXNzcgARamF2YS51dGlsLkhhc2hNYXAFB9rBwxZg0QMAAkYACmxvYWRGYWN0b3JJAAl0aHJlc2hvbGR4cD9AAAAAAAAMdwgAAAAQAAAAAXQACGxhc3RuYW1lc3IAOm9yZy5vcGVuc2VhcmNoLnNxbC5vcGVuc2VhcmNoLmRhdGEudHlwZS5PcGVuU2VhcmNoVGV4dFR5cGWtg6OTBOMxRAIAAUwABmZpZWxkc3QAD0xqYXZhL3V0aWwvTWFwO3hyADpvcmcub3BlbnNlYXJjaC5zcWwub3BlbnNlYXJjaC5kYXRhLnR5cGUuT3BlblNlYXJjaERhdGFUeXBlwmO8ygL6BTUCAANMAAxleHByQ29yZVR5cGV0ACtMb3JnL29wZW5zZWFyY2gvc3FsL2RhdGEvdHlwZS9FeHByQ29yZVR5cGU7TAALbWFwcGluZ1R5cGV0AEhMb3JnL29wZW5zZWFyY2gvc3FsL29wZW5zZWFyY2gvZGF0YS90eXBlL09wZW5TZWFyY2hEYXRhVHlwZSRNYXBwaW5nVHlwZTtMAApwcm9wZXJ0aWVzcQB+AAt4cH5yAClvcmcub3BlbnNlYXJjaC5zcWwuZGF0YS50eXBlLkV4cHJDb3JlVHlwZQAAAAAAAAAAEgAAeHIADmphdmEubGFuZy5FbnVtAAAAAAAAAAASAAB4cHQAB1VOS05PV05+cgBGb3JnLm9wZW5zZWFyY2guc3FsLm9wZW5zZWFyY2guZGF0YS50eXBlLk9wZW5TZWFyY2hEYXRhVHlwZSRNYXBwaW5nVHlwZQAAAAAAAAAAEgAAeHEAfgARdAAEVGV4dHNyADxzaGFkZWQuY29tLmdvb2dsZS5jb21tb24uY29sbGVjdC5JbW11dGFibGVNYXAkU2VyaWFsaXplZEZvcm0AAAAAAAAAAAIAAkwABGtleXN0ABJMamF2YS9sYW5nL09iamVjdDtMAAZ2YWx1ZXNxAH4AGHhwdXIAE1tMamF2YS5sYW5nLk9iamVjdDuQzlifEHMpbAIAAHhwAAAAAHVxAH4AGgAAAABzcQB+AAAAAAADdwQAAAACdAAHa2V5d29yZHNxAH4ADH5xAH4AEHQABlNUUklOR35xAH4AFHQAB0tleXdvcmRxAH4AGXh4eA==\"}","lang":"opensearch_compounded_script","params":{"utcTimestamp": 0}},"boost":1.0}},"_source":{"includes":["account_number","firstname","address","balance","gender","city","employer","state","age","email","lastname"],"excludes":[]}}, requestedTotalSize=5, pageSize=null, startFrom=0)])
