calcite:
  logical: |
    LogicalSystemLimit(fetch=[10000], type=[QUERY_SIZE_LIMIT])
      LogicalProject(firstname=[$1], age=[$8])
        LogicalFilter(condition=[AND(=($1, 'Amber'), =(-($8, 2), 30))])
          CalciteLogicalIndexScan(table=[[OpenSearch, opensearch-sql_test_index_account]])
  physical: |
    CalciteEnumerableIndexScan(table=[[OpenSearch, opensearch-sql_test_index_account]], PushDownContext=[[PROJECT->[firstname, age], SCRIPT->AND(=($0, 'Amber'), =(-($1, 2), 30)), LIMIT->10000], OpenSearchRequestBuilder(sourceBuilder={"from":0,"size":10000,"timeout":"1m","query":{"bool":{"must":[{"term":{"firstname.keyword":{"value":"Amber","boost":1.0}}},{"script":{"script":{"source":"{\"langType\":\"calcite\",\"script\":\"rO0ABXNyABFqYXZhLnV0aWwuQ29sbFNlcleOq7Y6G6gRAwABSQADdGFneHAAAAADdwQAAAAGdAAHcm93VHlwZXQAensKICAiZmllbGRzIjogWwogICAgewogICAgICAidHlwZSI6ICJCSUdJTlQiLAogICAgICAibnVsbGFibGUiOiB0cnVlLAogICAgICAibmFtZSI6ICJhZ2UiCiAgICB9CiAgXSwKICAibnVsbGFibGUiOiBmYWxzZQp9dAAEZXhwcnQCcnsKICAib3AiOiB7CiAgICAibmFtZSI6ICI9IiwKICAgICJraW5kIjogIkVRVUFMUyIsCiAgICAic3ludGF4IjogIkJJTkFSWSIKICB9LAogICJvcGVyYW5kcyI6IFsKICAgIHsKICAgICAgIm9wIjogewogICAgICAgICJuYW1lIjogIi0iLAogICAgICAgICJraW5kIjogIk1JTlVTIiwKICAgICAgICAic3ludGF4IjogIkJJTkFSWSIKICAgICAgfSwKICAgICAgIm9wZXJhbmRzIjogWwogICAgICAgIHsKICAgICAgICAgICJpbnB1dCI6IDAsCiAgICAgICAgICAibmFtZSI6ICIkMCIKICAgICAgICB9LAogICAgICAgIHsKICAgICAgICAgICJsaXRlcmFsIjogMiwKICAgICAgICAgICJ0eXBlIjogewogICAgICAgICAgICAidHlwZSI6ICJJTlRFR0VSIiwKICAgICAgICAgICAgIm51bGxhYmxlIjogZmFsc2UKICAgICAgICAgIH0KICAgICAgICB9CiAgICAgIF0sCiAgICAgICJ0eXBlIjogewogICAgICAgICJ0eXBlIjogIkJJR0lOVCIsCiAgICAgICAgIm51bGxhYmxlIjogdHJ1ZQogICAgICB9CiAgICB9LAogICAgewogICAgICAibGl0ZXJhbCI6IDMwLAogICAgICAidHlwZSI6IHsKICAgICAgICAidHlwZSI6ICJJTlRFR0VSIiwKICAgICAgICAibnVsbGFibGUiOiBmYWxzZQogICAgICB9CiAgICB9CiAgXQp9dAAKZmllbGRUeXBlc3NyABFqYXZhLnV0aWwuSGFzaE1hcAUH2sHDFmDRAwACRgAKbG9hZEZhY3RvckkACXRocmVzaG9sZHhwP0AAAAAAAAx3CAAAABAAAAABdAADYWdlfnIAKW9yZy5vcGVuc2VhcmNoLnNxbC5kYXRhLnR5cGUuRXhwckNvcmVUeXBlAAAAAAAAAAASAAB4cgAOamF2YS5sYW5nLkVudW0AAAAAAAAAABIAAHhwdAAETE9OR3h4\"}","lang":"opensearch_compounded_script","params":{"utcTimestamp": 0}},"boost":1.0}}],"adjust_pure_negative":true,"boost":1.0}},"_source":{"includes":["firstname","age"],"excludes":[]}}, requestedTotalSize=10000, pageSize=null, startFrom=0)])
