CalciteEnumerableIndexScan(table=[[OpenSearch, test]], PushDownContext=[[PROJECT->[name, age], FILTER->=($1, 20), LIMIT->10000], OpenSearchRequestBuilder(sourceBuilder={\"from\":0,\"size\":10000,\"timeout\":\"1m\",\"query\":{\"term\":{\"age\":{\"value\":20,\"boost\":1.0}}},\"_source\":{\"includes\":[\"name\",\"age\"],\"excludes\":[]},\"sort\":[{\"_doc\":{\"order\":\"asc\"}}]}, requestedTotalSize=10000, pageSize=null, startFrom=0)]): rowcount = 1093.5, cumulative cost = {1093.5 rows, 1094.5 cpu, 0.0 io}
