{
  "calcite": {
    "logical": "LogicalProject(name=[$0], age=[$5], state=[$2], country=[$1], occupation=[$8], b.country=[$7], salary=[$10])\n  LogicalJoin(condition=[=($0, $6)], joinType=[inner])\n    LogicalProject(name=[$0], country=[$1], state=[$2], month=[$3], year=[$4], age=[$5])\n      CalciteLogicalIndexScan(table=[[OpenSearch, opensearch-sql_test_index_state_country]])\n    LogicalSystemLimit(fetch=[50000])\n      LogicalProject(name=[$0], country=[$1], occupation=[$2], month=[$3], salary=[$4], year=[$5])\n        CalciteLogicalIndexScan(table=[[OpenSearch, opensearch-sql_test_index_occupation]])\n",
    "physical": "EnumerableCalc(expr#0..7=[{inputs}], name=[$t0], age=[$t3], state=[$t2], country=[$t1], occupation=[$t6], b.country=[$t5], salary=[$t7])\n  EnumerableMergeJoin(condition=[=($0, $4)], joinType=[inner])\n    EnumerableSort(sort0=[$0], dir0=[ASC])\n      CalciteEnumerableIndexScan(table=[[OpenSearch, opensearch-sql_test_index_state_country]], PushDownContext=[[PROJECT->[name, country, state, age]], OpenSearchRequestBuilder(sourceBuilder={\"from\":0,\"timeout\":\"1m\",\"_source\":{\"includes\":[\"name\",\"country\",\"state\",\"age\"],\"excludes\":[]}}, requestedTotalSize=2147483647, pageSize=null, startFrom=0)])\n    EnumerableSort(sort0=[$0], dir0=[ASC])\n      EnumerableLimit(fetch=[50000])\n        CalciteEnumerableIndexScan(table=[[OpenSearch, opensearch-sql_test_index_occupation]], PushDownContext=[[PROJECT->[name, country, occupation, salary]], OpenSearchRequestBuilder(sourceBuilder={\"from\":0,\"timeout\":\"1m\",\"_source\":{\"includes\":[\"name\",\"country\",\"occupation\",\"salary\"],\"excludes\":[]}}, requestedTotalSize=2147483647, pageSize=null, startFrom=0)])\n"
  }
}