{
  "calcite": {
    "logical": "LogicalSystemLimit(fetch=[10000], type=[QUERY_SIZE_LIMIT])\n  LogicalProject(account_number=[$0], firstname=[$1], address=[$2], balance=[$3], gender=[$4], city=[$5], employer=[$6], state=[$7], age=[$8], email=[$9], lastname=[$10])\n    LogicalFilter(condition=[ILIKE($1, '%mbe%':VARCHAR, '\\')])\n      CalciteLogicalIndexScan(table=[[OpenSearch, opensearch-sql_test_index_account]])\n",
    "physical": "CalciteEnumerableIndexScan(table=[[OpenSearch, opensearch-sql_test_index_account]], PushDownContext=[[PROJECT->[account_number, firstname, address, balance, gender, city, employer, state, age, email, lastname], FILTER->ILIKE($1, '%mbe%':VARCHAR, '\\'), LIMIT->10000], OpenSearchRequestBuilder(sourceBuilder={\"from\":0,\"size\":10000,\"timeout\":\"1m\",\"query\":{\"wildcard\":{\"firstname.keyword\":{\"wildcard\":\"*mbe*\",\"case_insensitive\":true,\"boost\":1.0}}},\"_source\":{\"includes\":[\"account_number\",\"firstname\",\"address\",\"balance\",\"gender\",\"city\",\"employer\",\"state\",\"age\",\"email\",\"lastname\"],\"excludes\":[]},\"sort\":[{\"_doc\":{\"order\":\"asc\"}}]}, requestedTotalSize=10000, pageSize=null, startFrom=0)])\n"
  }
}
