calcite:
  logical: |
    LogicalSystemLimit(fetch=[10000], type=[QUERY_SIZE_LIMIT])
      LogicalProject(last_name=[$1], first_name=[$2], gender=[$0])
        LogicalAggregate(group=[{0}], first_name=[FIRST($1)], last_name=[LAST($1)])
          LogicalProject(gender=[$4], firstname=[$1])
            CalciteLogicalIndexScan(table=[[OpenSearch, opensearch-sql_test_index_bank]])
  physical: |
    CalciteEnumerableIndexScan(table=[[OpenSearch, opensearch-sql_test_index_bank]], PushDownContext=[[AGGREGATION->rel#:LogicalAggregate.NONE.[](input=RelSubset#,group={0},first_name=FIRST($1),last_name=LAST($1)), PROJECT->[first_name, last_name, gender], LIMIT->10000], OpenSearchRequestBuilder(sourceBuilder={"from":0,"size":0,"timeout":"1m","aggregations":{"composite_buckets":{"composite":{"size":1000,"sources":[{"gender":{"terms":{"field":"gender.keyword","missing_bucket":true,"missing_order":"first","order":"asc"}}}]},"aggregations":{"first_name":{"top_hits":{"from":0,"size":1,"version":false,"seq_no_primary_term":false,"explain":false,"_source":{"includes":["firstname"],"excludes":[]}}},"last_name":{"top_hits":{"from":0,"size":1,"version":false,"seq_no_primary_term":false,"explain":false,"_source":{"includes":["firstname"],"excludes":[]},"sort":[{"_doc":{"order":"desc"}}]}}}}}}, requestedTotalSize=2147483647, pageSize=null, startFrom=0)])
