calcite:
  logical: |
    LogicalSystemLimit(sort0=[$0], dir0=[ASC-nulls-first], fetch=[10000], type=[QUERY_SIZE_LIMIT])
      LogicalProject(age=[$8])
        LogicalSort(sort0=[$8], dir0=[ASC-nulls-first])
          LogicalSort(sort0=[$3], dir0=[ASC-nulls-first], fetch=[5])
            CalciteLogicalIndexScan(table=[[OpenSearch, opensearch-sql_test_index_account]])
  physical: |
    EnumerableLimit(fetch=[10000])
      EnumerableCalc(expr#0..1=[{inputs}], age=[$t1])
        EnumerableSort(sort0=[$1], dir0=[ASC-nulls-first])
          CalciteEnumerableIndexScan(table=[[OpenSearch, opensearch-sql_test_index_account]], PushDownContext=[[PROJECT->[balance, age], SORT->[{
      "balance" : {
        "order" : "asc",
        "missing" : "_first"
      }
    }], LIMIT->5], OpenSearchRequestBuilder(sourceBuilder={"from":0,"size":5,"timeout":"1m","_source":{"includes":["balance","age"],"excludes":[]},"sort":[{"balance":{"order":"asc","missing":"_first"}}]}, requestedTotalSize=5, pageSize=null, startFrom=0)])
