calcite:
  logical: |
    LogicalSystemLimit(fetch=[10000], type=[QUERY_SIZE_LIMIT])
      LogicalProject(patterns_field=[SAFE_CAST(ITEM(PATTERN_PARSER($0, $2), 'pattern'))], pattern_count=[$1], tokens=[SAFE_CAST(ITEM(PATTERN_PARSER($0, $2), 'tokens'))], sample_logs=[$2])
        LogicalAggregate(group=[{1}], pattern_count=[COUNT($1)], sample_logs=[TAKE($0, $2)])
          LogicalProject(email=[$9], patterns_field=[CASE(SEARCH($9, Sarg['':VARCHAR; NULL AS TRUE]:VARCHAR), '':VARCHAR, REGEXP_REPLACE($9, '[a-zA-Z0-9]+':VARCHAR, '<*>':VARCHAR))], $f18=[10])
            CalciteLogicalIndexScan(table=[[OpenSearch, opensearch-sql_test_index_account]])
  physical: |
    EnumerableCalc(expr#0..2=[{inputs}], expr#3=[PATTERN_PARSER($t0, $t2)], expr#4=['pattern'], expr#5=[ITEM($t3, $t4)], expr#6=[SAFE_CAST($t5)], expr#7=['tokens'], expr#8=[ITEM($t3, $t7)], expr#9=[SAFE_CAST($t8)], patterns_field=[$t6], pattern_count=[$t1], tokens=[$t9], sample_logs=[$t2])
      CalciteEnumerableIndexScan(table=[[OpenSearch, opensearch-sql_test_index_account]], PushDownContext=[[AGGREGATION->rel#:LogicalAggregate.NONE.[](input=RelSubset#,group={1},pattern_count=COUNT($1),sample_logs=TAKE($0, $2)), LIMIT->10000], OpenSearchRequestBuilder(sourceBuilder={"from":0,"size":0,"timeout":"1m","aggregations":{"composite_buckets":{"composite":{"size":1000,"sources":[{"patterns_field":{"terms":{"script":{"source":"{\"langType\":\"calcite\",\"script\":\"rO0ABXNyABFqYXZhLnV0aWwuQ29sbFNlcleOq7Y6G6gRAwABSQADdGFneHAAAAADdwQAAAAGdAAHcm93VHlwZXQGy3sKICAiZmllbGRzIjogWwogICAgewogICAgICAidHlwZSI6ICJCSUdJTlQiLAogICAgICAibnVsbGFibGUiOiB0cnVlLAogICAgICAibmFtZSI6ICJhY2NvdW50X251bWJlciIKICAgIH0sCiAgICB7CiAgICAgICJ0eXBlIjogIlZBUkNIQVIiLAogICAgICAibnVsbGFibGUiOiB0cnVlLAogICAgICAicHJlY2lzaW9uIjogLTEsCiAgICAgICJuYW1lIjogImZpcnN0bmFtZSIKICAgIH0sCiAgICB7CiAgICAgICJ0eXBlIjogIlZBUkNIQVIiLAogICAgICAibnVsbGFibGUiOiB0cnVlLAogICAgICAicHJlY2lzaW9uIjogLTEsCiAgICAgICJuYW1lIjogImFkZHJlc3MiCiAgICB9LAogICAgewogICAgICAidHlwZSI6ICJCSUdJTlQiLAogICAgICAibnVsbGFibGUiOiB0cnVlLAogICAgICAibmFtZSI6ICJiYWxhbmNlIgogICAgfSwKICAgIHsKICAgICAgInR5cGUiOiAiVkFSQ0hBUiIsCiAgICAgICJudWxsYWJsZSI6IHRydWUsCiAgICAgICJwcmVjaXNpb24iOiAtMSwKICAgICAgIm5hbWUiOiAiZ2VuZGVyIgogICAgfSwKICAgIHsKICAgICAgInR5cGUiOiAiVkFSQ0hBUiIsCiAgICAgICJudWxsYWJsZSI6IHRydWUsCiAgICAgICJwcmVjaXNpb24iOiAtMSwKICAgICAgIm5hbWUiOiAiY2l0eSIKICAgIH0sCiAgICB7CiAgICAgICJ0eXBlIjogIlZBUkNIQVIiLAogICAgICAibnVsbGFibGUiOiB0cnVlLAogICAgICAicHJlY2lzaW9uIjogLTEsCiAgICAgICJuYW1lIjogImVtcGxveWVyIgogICAgfSwKICAgIHsKICAgICAgInR5cGUiOiAiVkFSQ0hBUiIsCiAgICAgICJudWxsYWJsZSI6IHRydWUsCiAgICAgICJwcmVjaXNpb24iOiAtMSwKICAgICAgIm5hbWUiOiAic3RhdGUiCiAgICB9LAogICAgewogICAgICAidHlwZSI6ICJCSUdJTlQiLAogICAgICAibnVsbGFibGUiOiB0cnVlLAogICAgICAibmFtZSI6ICJhZ2UiCiAgICB9LAogICAgewogICAgICAidHlwZSI6ICJWQVJDSEFSIiwKICAgICAgIm51bGxhYmxlIjogdHJ1ZSwKICAgICAgInByZWNpc2lvbiI6IC0xLAogICAgICAibmFtZSI6ICJlbWFpbCIKICAgIH0sCiAgICB7CiAgICAgICJ0eXBlIjogIlZBUkNIQVIiLAogICAgICAibnVsbGFibGUiOiB0cnVlLAogICAgICAicHJlY2lzaW9uIjogLTEsCiAgICAgICJuYW1lIjogImxhc3RuYW1lIgogICAgfSwKICAgIHsKICAgICAgInR5cGUiOiAiVkFSQ0hBUiIsCiAgICAgICJudWxsYWJsZSI6IHRydWUsCiAgICAgICJwcmVjaXNpb24iOiAtMSwKICAgICAgIm5hbWUiOiAiX2lkIgogICAgfSwKICAgIHsKICAgICAgInR5cGUiOiAiVkFSQ0hBUiIsCiAgICAgICJudWxsYWJsZSI6IHRydWUsCiAgICAgICJwcmVjaXNpb24iOiAtMSwKICAgICAgIm5hbWUiOiAiX2luZGV4IgogICAgfSwKICAgIHsKICAgICAgInR5cGUiOiAiUkVBTCIsCiAgICAgICJudWxsYWJsZSI6IHRydWUsCiAgICAgICJuYW1lIjogIl9zY29yZSIKICAgIH0sCiAgICB7CiAgICAgICJ0eXBlIjogIlJFQUwiLAogICAgICAibnVsbGFibGUiOiB0cnVlLAogICAgICAibmFtZSI6ICJfbWF4c2NvcmUiCiAgICB9LAogICAgewogICAgICAidHlwZSI6ICJCSUdJTlQiLAogICAgICAibnVsbGFibGUiOiB0cnVlLAogICAgICAibmFtZSI6ICJfc29ydCIKICAgIH0sCiAgICB7CiAgICAgICJ0eXBlIjogIlZBUkNIQVIiLAogICAgICAibnVsbGFibGUiOiB0cnVlLAogICAgICAicHJlY2lzaW9uIjogLTEsCiAgICAgICJuYW1lIjogIl9yb3V0aW5nIgogICAgfQogIF0sCiAgIm51bGxhYmxlIjogdHJ1ZQp9dAAEZXhwcnQGGXsKICAib3AiOiB7CiAgICAibmFtZSI6ICJDQVNFIiwKICAgICJraW5kIjogIkNBU0UiLAogICAgInN5bnRheCI6ICJTUEVDSUFMIgogIH0sCiAgIm9wZXJhbmRzIjogWwogICAgewogICAgICAib3AiOiB7CiAgICAgICAgIm5hbWUiOiAiU0VBUkNIIiwKICAgICAgICAia2luZCI6ICJTRUFSQ0giLAogICAgICAgICJzeW50YXgiOiAiSU5URVJOQUwiCiAgICAgIH0sCiAgICAgICJvcGVyYW5kcyI6IFsKICAgICAgICB7CiAgICAgICAgICAiaW5wdXQiOiA5LAogICAgICAgICAgIm5hbWUiOiAiJDkiCiAgICAgICAgfSwKICAgICAgICB7CiAgICAgICAgICAibGl0ZXJhbCI6IHsKICAgICAgICAgICAgInJhbmdlU2V0IjogWwogICAgICAgICAgICAgIFsKICAgICAgICAgICAgICAgICJzaW5nbGV0b24iLAogICAgICAgICAgICAgICAgIntcInZhbHVlXCI6XCJcIixcImNoYXJzZXROYW1lXCI6XCJJU08tODg1OS0xXCIsXCJjb2xsYXRpb25cIjp7XCJjb2xsYXRpb25OYW1lXCI6XCJJU08tODg1OS0xJGVuX1VTJHByaW1hcnlcIixcImNvZXJjaWJpbGl0eVwiOlwiSU1QTElDSVRcIixcImxvY2FsZVwiOlwiZW5fVVNcIn0sXCJjaGFyc2V0XCI6XCJJU08tODg1OS0xXCIsXCJ2YWx1ZUJ5dGVzXCI6bnVsbH0iCiAgICAgICAgICAgICAgXQogICAgICAgICAgICBdLAogICAgICAgICAgICAibnVsbEFzIjogIlRSVUUiCiAgICAgICAgICB9LAogICAgICAgICAgInR5cGUiOiB7CiAgICAgICAgICAgICJ0eXBlIjogIlZBUkNIQVIiLAogICAgICAgICAgICAibnVsbGFibGUiOiBmYWxzZSwKICAgICAgICAgICAgInByZWNpc2lvbiI6IC0xCiAgICAgICAgICB9CiAgICAgICAgfQogICAgICBdCiAgICB9LAogICAgewogICAgICAibGl0ZXJhbCI6ICIiLAogICAgICAidHlwZSI6IHsKICAgICAgICAidHlwZSI6ICJWQVJDSEFSIiwKICAgICAgICAibnVsbGFibGUiOiBmYWxzZSwKICAgICAgICAicHJlY2lzaW9uIjogLTEKICAgICAgfQogICAgfSwKICAgIHsKICAgICAgIm9wIjogewogICAgICAgICJuYW1lIjogIlJFR0VYUF9SRVBMQUNFIiwKICAgICAgICAia2luZCI6ICJPVEhFUl9GVU5DVElPTiIsCiAgICAgICAgInN5bnRheCI6ICJGVU5DVElPTiIKICAgICAgfSwKICAgICAgIm9wZXJhbmRzIjogWwogICAgICAgIHsKICAgICAgICAgICJpbnB1dCI6IDksCiAgICAgICAgICAibmFtZSI6ICIkOSIKICAgICAgICB9LAogICAgICAgIHsKICAgICAgICAgICJsaXRlcmFsIjogIlthLXpBLVowLTldKyIsCiAgICAgICAgICAidHlwZSI6IHsKICAgICAgICAgICAgInR5cGUiOiAiVkFSQ0hBUiIsCiAgICAgICAgICAgICJudWxsYWJsZSI6IGZhbHNlLAogICAgICAgICAgICAicHJlY2lzaW9uIjogLTEKICAgICAgICAgIH0KICAgICAgICB9LAogICAgICAgIHsKICAgICAgICAgICJsaXRlcmFsIjogIjwqPiIsCiAgICAgICAgICAidHlwZSI6IHsKICAgICAgICAgICAgInR5cGUiOiAiVkFSQ0hBUiIsCiAgICAgICAgICAgICJudWxsYWJsZSI6IGZhbHNlLAogICAgICAgICAgICAicHJlY2lzaW9uIjogLTEKICAgICAgICAgIH0KICAgICAgICB9CiAgICAgIF0KICAgIH0KICBdCn10AApmaWVsZFR5cGVzc3IAEWphdmEudXRpbC5IYXNoTWFwBQfawcMWYNEDAAJGAApsb2FkRmFjdG9ySQAJdGhyZXNob2xkeHA/QAAAAAAAGHcIAAAAIAAAABF0AAhfcm91dGluZ35yAClvcmcub3BlbnNlYXJjaC5zcWwuZGF0YS50eXBlLkV4cHJDb3JlVHlwZQAAAAAAAAAAEgAAeHIADmphdmEubGFuZy5FbnVtAAAAAAAAAAASAAB4cHQABlNUUklOR3QADmFjY291bnRfbnVtYmVyfnEAfgAKdAAETE9OR3QACWZpcnN0bmFtZXNyADpvcmcub3BlbnNlYXJjaC5zcWwub3BlbnNlYXJjaC5kYXRhLnR5cGUuT3BlblNlYXJjaFRleHRUeXBlrYOjkwTjMUQCAAFMAAZmaWVsZHN0AA9MamF2YS91dGlsL01hcDt4cgA6b3JnLm9wZW5zZWFyY2guc3FsLm9wZW5zZWFyY2guZGF0YS50eXBlLk9wZW5TZWFyY2hEYXRhVHlwZcJjvMoC+gU1AgADTAAMZXhwckNvcmVUeXBldAArTG9yZy9vcGVuc2VhcmNoL3NxbC9kYXRhL3R5cGUvRXhwckNvcmVUeXBlO0wAC21hcHBpbmdUeXBldABITG9yZy9vcGVuc2VhcmNoL3NxbC9vcGVuc2VhcmNoL2RhdGEvdHlwZS9PcGVuU2VhcmNoRGF0YVR5cGUkTWFwcGluZ1R5cGU7TAAKcHJvcGVydGllc3EAfgATeHB+cQB+AAp0AAdVTktOT1dOfnIARm9yZy5vcGVuc2VhcmNoLnNxbC5vcGVuc2VhcmNoLmRhdGEudHlwZS5PcGVuU2VhcmNoRGF0YVR5cGUkTWFwcGluZ1R5cGUAAAAAAAAAABIAAHhxAH4AC3QABFRleHRzcgA8c2hhZGVkLmNvbS5nb29nbGUuY29tbW9uLmNvbGxlY3QuSW1tdXRhYmxlTWFwJFNlcmlhbGl6ZWRGb3JtAAAAAAAAAAACAAJMAARrZXlzdAASTGphdmEvbGFuZy9PYmplY3Q7TAAGdmFsdWVzcQB+AB54cHVyABNbTGphdmEubGFuZy5PYmplY3Q7kM5YnxBzKWwCAAB4cAAAAAB1cQB+ACAAAAAAc3EAfgAAAAAAA3cEAAAAAnQAB2tleXdvcmRzcQB+ABRxAH4ADH5xAH4AGnQAB0tleXdvcmRxAH4AH3h0AAdhZGRyZXNzc3EAfgAScQB+ABhxAH4AG3EAfgAfc3EAfgAAAAAAA3cEAAAAAHh0AAZnZW5kZXJzcQB+ABJxAH4AGHEAfgAbcQB+AB9zcQB+AAAAAAADdwQAAAACcQB+ACRxAH4AJXh0AAZfaW5kZXhxAH4ADHQABGNpdHlzcQB+ABJxAH4AGHEAfgAbcQB+AB9zcQB+AAAAAAADdwQAAAACcQB+ACRxAH4AJXh0AAlfbWF4c2NvcmV+cQB+AAp0AAVGTE9BVHQABl9zY29yZXEAfgAzdAAFX3NvcnRxAH4AD3QACGxhc3RuYW1lc3EAfgAScQB+ABhxAH4AG3EAfgAfc3EAfgAAAAAAA3cEAAAAAnEAfgAkcQB+ACV4dAAHYmFsYW5jZXEAfgAPdAAIZW1wbG95ZXJzcQB+ABJxAH4AGHEAfgAbcQB+AB9zcQB+AAAAAAADdwQAAAACcQB+ACRxAH4AJXh0AAVzdGF0ZXNxAH4AEnEAfgAYcQB+ABtxAH4AH3NxAH4AAAAAAAN3BAAAAAJxAH4AJHEAfgAleHQAA19pZHEAfgAMdAADYWdlcQB+AA90AAVlbWFpbHNxAH4AEnEAfgAYcQB+ABtxAH4AH3NxAH4AAAAAAAN3BAAAAAJxAH4AJHEAfgAleHh4\"}","lang":"opensearch_compounded_script","params":{"utcTimestamp": 0}},"missing_bucket":true,"missing_order":"first","order":"asc"}}}]},"aggregations":{"pattern_count":{"value_count":{"script":{"source":"{\"langType\":\"calcite\",\"script\":\"rO0ABXNyABFqYXZhLnV0aWwuQ29sbFNlcleOq7Y6G6gRAwABSQADdGFneHAAAAADdwQAAAAGdAAHcm93VHlwZXQGy3sKICAiZmllbGRzIjogWwogICAgewogICAgICAidHlwZSI6ICJCSUdJTlQiLAogICAgICAibnVsbGFibGUiOiB0cnVlLAogICAgICAibmFtZSI6ICJhY2NvdW50X251bWJlciIKICAgIH0sCiAgICB7CiAgICAgICJ0eXBlIjogIlZBUkNIQVIiLAogICAgICAibnVsbGFibGUiOiB0cnVlLAogICAgICAicHJlY2lzaW9uIjogLTEsCiAgICAgICJuYW1lIjogImZpcnN0bmFtZSIKICAgIH0sCiAgICB7CiAgICAgICJ0eXBlIjogIlZBUkNIQVIiLAogICAgICAibnVsbGFibGUiOiB0cnVlLAogICAgICAicHJlY2lzaW9uIjogLTEsCiAgICAgICJuYW1lIjogImFkZHJlc3MiCiAgICB9LAogICAgewogICAgICAidHlwZSI6ICJCSUdJTlQiLAogICAgICAibnVsbGFibGUiOiB0cnVlLAogICAgICAibmFtZSI6ICJiYWxhbmNlIgogICAgfSwKICAgIHsKICAgICAgInR5cGUiOiAiVkFSQ0hBUiIsCiAgICAgICJudWxsYWJsZSI6IHRydWUsCiAgICAgICJwcmVjaXNpb24iOiAtMSwKICAgICAgIm5hbWUiOiAiZ2VuZGVyIgogICAgfSwKICAgIHsKICAgICAgInR5cGUiOiAiVkFSQ0hBUiIsCiAgICAgICJudWxsYWJsZSI6IHRydWUsCiAgICAgICJwcmVjaXNpb24iOiAtMSwKICAgICAgIm5hbWUiOiAiY2l0eSIKICAgIH0sCiAgICB7CiAgICAgICJ0eXBlIjogIlZBUkNIQVIiLAogICAgICAibnVsbGFibGUiOiB0cnVlLAogICAgICAicHJlY2lzaW9uIjogLTEsCiAgICAgICJuYW1lIjogImVtcGxveWVyIgogICAgfSwKICAgIHsKICAgICAgInR5cGUiOiAiVkFSQ0hBUiIsCiAgICAgICJudWxsYWJsZSI6IHRydWUsCiAgICAgICJwcmVjaXNpb24iOiAtMSwKICAgICAgIm5hbWUiOiAic3RhdGUiCiAgICB9LAogICAgewogICAgICAidHlwZSI6ICJCSUdJTlQiLAogICAgICAibnVsbGFibGUiOiB0cnVlLAogICAgICAibmFtZSI6ICJhZ2UiCiAgICB9LAogICAgewogICAgICAidHlwZSI6ICJWQVJDSEFSIiwKICAgICAgIm51bGxhYmxlIjogdHJ1ZSwKICAgICAgInByZWNpc2lvbiI6IC0xLAogICAgICAibmFtZSI6ICJlbWFpbCIKICAgIH0sCiAgICB7CiAgICAgICJ0eXBlIjogIlZBUkNIQVIiLAogICAgICAibnVsbGFibGUiOiB0cnVlLAogICAgICAicHJlY2lzaW9uIjogLTEsCiAgICAgICJuYW1lIjogImxhc3RuYW1lIgogICAgfSwKICAgIHsKICAgICAgInR5cGUiOiAiVkFSQ0hBUiIsCiAgICAgICJudWxsYWJsZSI6IHRydWUsCiAgICAgICJwcmVjaXNpb24iOiAtMSwKICAgICAgIm5hbWUiOiAiX2lkIgogICAgfSwKICAgIHsKICAgICAgInR5cGUiOiAiVkFSQ0hBUiIsCiAgICAgICJudWxsYWJsZSI6IHRydWUsCiAgICAgICJwcmVjaXNpb24iOiAtMSwKICAgICAgIm5hbWUiOiAiX2luZGV4IgogICAgfSwKICAgIHsKICAgICAgInR5cGUiOiAiUkVBTCIsCiAgICAgICJudWxsYWJsZSI6IHRydWUsCiAgICAgICJuYW1lIjogIl9zY29yZSIKICAgIH0sCiAgICB7CiAgICAgICJ0eXBlIjogIlJFQUwiLAogICAgICAibnVsbGFibGUiOiB0cnVlLAogICAgICAibmFtZSI6ICJfbWF4c2NvcmUiCiAgICB9LAogICAgewogICAgICAidHlwZSI6ICJCSUdJTlQiLAogICAgICAibnVsbGFibGUiOiB0cnVlLAogICAgICAibmFtZSI6ICJfc29ydCIKICAgIH0sCiAgICB7CiAgICAgICJ0eXBlIjogIlZBUkNIQVIiLAogICAgICAibnVsbGFibGUiOiB0cnVlLAogICAgICAicHJlY2lzaW9uIjogLTEsCiAgICAgICJuYW1lIjogIl9yb3V0aW5nIgogICAgfQogIF0sCiAgIm51bGxhYmxlIjogdHJ1ZQp9dAAEZXhwcnQGGXsKICAib3AiOiB7CiAgICAibmFtZSI6ICJDQVNFIiwKICAgICJraW5kIjogIkNBU0UiLAogICAgInN5bnRheCI6ICJTUEVDSUFMIgogIH0sCiAgIm9wZXJhbmRzIjogWwogICAgewogICAgICAib3AiOiB7CiAgICAgICAgIm5hbWUiOiAiU0VBUkNIIiwKICAgICAgICAia2luZCI6ICJTRUFSQ0giLAogICAgICAgICJzeW50YXgiOiAiSU5URVJOQUwiCiAgICAgIH0sCiAgICAgICJvcGVyYW5kcyI6IFsKICAgICAgICB7CiAgICAgICAgICAiaW5wdXQiOiA5LAogICAgICAgICAgIm5hbWUiOiAiJDkiCiAgICAgICAgfSwKICAgICAgICB7CiAgICAgICAgICAibGl0ZXJhbCI6IHsKICAgICAgICAgICAgInJhbmdlU2V0IjogWwogICAgICAgICAgICAgIFsKICAgICAgICAgICAgICAgICJzaW5nbGV0b24iLAogICAgICAgICAgICAgICAgIntcInZhbHVlXCI6XCJcIixcImNoYXJzZXROYW1lXCI6XCJJU08tODg1OS0xXCIsXCJjb2xsYXRpb25cIjp7XCJjb2xsYXRpb25OYW1lXCI6XCJJU08tODg1OS0xJGVuX1VTJHByaW1hcnlcIixcImNvZXJjaWJpbGl0eVwiOlwiSU1QTElDSVRcIixcImxvY2FsZVwiOlwiZW5fVVNcIn0sXCJjaGFyc2V0XCI6XCJJU08tODg1OS0xXCIsXCJ2YWx1ZUJ5dGVzXCI6bnVsbH0iCiAgICAgICAgICAgICAgXQogICAgICAgICAgICBdLAogICAgICAgICAgICAibnVsbEFzIjogIlRSVUUiCiAgICAgICAgICB9LAogICAgICAgICAgInR5cGUiOiB7CiAgICAgICAgICAgICJ0eXBlIjogIlZBUkNIQVIiLAogICAgICAgICAgICAibnVsbGFibGUiOiBmYWxzZSwKICAgICAgICAgICAgInByZWNpc2lvbiI6IC0xCiAgICAgICAgICB9CiAgICAgICAgfQogICAgICBdCiAgICB9LAogICAgewogICAgICAibGl0ZXJhbCI6ICIiLAogICAgICAidHlwZSI6IHsKICAgICAgICAidHlwZSI6ICJWQVJDSEFSIiwKICAgICAgICAibnVsbGFibGUiOiBmYWxzZSwKICAgICAgICAicHJlY2lzaW9uIjogLTEKICAgICAgfQogICAgfSwKICAgIHsKICAgICAgIm9wIjogewogICAgICAgICJuYW1lIjogIlJFR0VYUF9SRVBMQUNFIiwKICAgICAgICAia2luZCI6ICJPVEhFUl9GVU5DVElPTiIsCiAgICAgICAgInN5bnRheCI6ICJGVU5DVElPTiIKICAgICAgfSwKICAgICAgIm9wZXJhbmRzIjogWwogICAgICAgIHsKICAgICAgICAgICJpbnB1dCI6IDksCiAgICAgICAgICAibmFtZSI6ICIkOSIKICAgICAgICB9LAogICAgICAgIHsKICAgICAgICAgICJsaXRlcmFsIjogIlthLXpBLVowLTldKyIsCiAgICAgICAgICAidHlwZSI6IHsKICAgICAgICAgICAgInR5cGUiOiAiVkFSQ0hBUiIsCiAgICAgICAgICAgICJudWxsYWJsZSI6IGZhbHNlLAogICAgICAgICAgICAicHJlY2lzaW9uIjogLTEKICAgICAgICAgIH0KICAgICAgICB9LAogICAgICAgIHsKICAgICAgICAgICJsaXRlcmFsIjogIjwqPiIsCiAgICAgICAgICAidHlwZSI6IHsKICAgICAgICAgICAgInR5cGUiOiAiVkFSQ0hBUiIsCiAgICAgICAgICAgICJudWxsYWJsZSI6IGZhbHNlLAogICAgICAgICAgICAicHJlY2lzaW9uIjogLTEKICAgICAgICAgIH0KICAgICAgICB9CiAgICAgIF0KICAgIH0KICBdCn10AApmaWVsZFR5cGVzc3IAEWphdmEudXRpbC5IYXNoTWFwBQfawcMWYNEDAAJGAApsb2FkRmFjdG9ySQAJdGhyZXNob2xkeHA/QAAAAAAAGHcIAAAAIAAAABF0AAhfcm91dGluZ35yAClvcmcub3BlbnNlYXJjaC5zcWwuZGF0YS50eXBlLkV4cHJDb3JlVHlwZQAAAAAAAAAAEgAAeHIADmphdmEubGFuZy5FbnVtAAAAAAAAAAASAAB4cHQABlNUUklOR3QADmFjY291bnRfbnVtYmVyfnEAfgAKdAAETE9OR3QACWZpcnN0bmFtZXNyADpvcmcub3BlbnNlYXJjaC5zcWwub3BlbnNlYXJjaC5kYXRhLnR5cGUuT3BlblNlYXJjaFRleHRUeXBlrYOjkwTjMUQCAAFMAAZmaWVsZHN0AA9MamF2YS91dGlsL01hcDt4cgA6b3JnLm9wZW5zZWFyY2guc3FsLm9wZW5zZWFyY2guZGF0YS50eXBlLk9wZW5TZWFyY2hEYXRhVHlwZcJjvMoC+gU1AgADTAAMZXhwckNvcmVUeXBldAArTG9yZy9vcGVuc2VhcmNoL3NxbC9kYXRhL3R5cGUvRXhwckNvcmVUeXBlO0wAC21hcHBpbmdUeXBldABITG9yZy9vcGVuc2VhcmNoL3NxbC9vcGVuc2VhcmNoL2RhdGEvdHlwZS9PcGVuU2VhcmNoRGF0YVR5cGUkTWFwcGluZ1R5cGU7TAAKcHJvcGVydGllc3EAfgATeHB+cQB+AAp0AAdVTktOT1dOfnIARm9yZy5vcGVuc2VhcmNoLnNxbC5vcGVuc2VhcmNoLmRhdGEudHlwZS5PcGVuU2VhcmNoRGF0YVR5cGUkTWFwcGluZ1R5cGUAAAAAAAAAABIAAHhxAH4AC3QABFRleHRzcgA8c2hhZGVkLmNvbS5nb29nbGUuY29tbW9uLmNvbGxlY3QuSW1tdXRhYmxlTWFwJFNlcmlhbGl6ZWRGb3JtAAAAAAAAAAACAAJMAARrZXlzdAASTGphdmEvbGFuZy9PYmplY3Q7TAAGdmFsdWVzcQB+AB54cHVyABNbTGphdmEubGFuZy5PYmplY3Q7kM5YnxBzKWwCAAB4cAAAAAB1cQB+ACAAAAAAc3EAfgAAAAAAA3cEAAAAAnQAB2tleXdvcmRzcQB+ABRxAH4ADH5xAH4AGnQAB0tleXdvcmRxAH4AH3h0AAdhZGRyZXNzc3EAfgAScQB+ABhxAH4AG3EAfgAfc3EAfgAAAAAAA3cEAAAAAHh0AAZnZW5kZXJzcQB+ABJxAH4AGHEAfgAbcQB+AB9zcQB+AAAAAAADdwQAAAACcQB+ACRxAH4AJXh0AAZfaW5kZXhxAH4ADHQABGNpdHlzcQB+ABJxAH4AGHEAfgAbcQB+AB9zcQB+AAAAAAADdwQAAAACcQB+ACRxAH4AJXh0AAlfbWF4c2NvcmV+cQB+AAp0AAVGTE9BVHQABl9zY29yZXEAfgAzdAAFX3NvcnRxAH4AD3QACGxhc3RuYW1lc3EAfgAScQB+ABhxAH4AG3EAfgAfc3EAfgAAAAAAA3cEAAAAAnEAfgAkcQB+ACV4dAAHYmFsYW5jZXEAfgAPdAAIZW1wbG95ZXJzcQB+ABJxAH4AGHEAfgAbcQB+AB9zcQB+AAAAAAADdwQAAAACcQB+ACRxAH4AJXh0AAVzdGF0ZXNxAH4AEnEAfgAYcQB+ABtxAH4AH3NxAH4AAAAAAAN3BAAAAAJxAH4AJHEAfgAleHQAA19pZHEAfgAMdAADYWdlcQB+AA90AAVlbWFpbHNxAH4AEnEAfgAYcQB+ABtxAH4AH3NxAH4AAAAAAAN3BAAAAAJxAH4AJHEAfgAleHh4\"}","lang":"opensearch_compounded_script","params":{"utcTimestamp": 0}}}},"sample_logs":{"top_hits":{"from":0,"size":10,"version":false,"seq_no_primary_term":false,"explain":false,"_source":{"includes":["email"],"excludes":[]}}}}}}}, requestedTotalSize=2147483647, pageSize=null, startFrom=0)])
