calcite:
  logical: |
    LogicalSystemLimit(fetch=[10000], type=[QUERY_SIZE_LIMIT])
      LogicalProject(account_number=[$13], firstname=[$14], address=[$15], birthdate=[$16], gender=[$17], city=[$18], lastname=[$19], balance=[$20], employer=[$21], state=[$22], age=[$23], email=[$24], male=[$25])
        LogicalJoin(condition=[=($0, $13)], joinType=[left])
          LogicalProject(account_number=[$0], firstname=[$1], address=[$2], birthdate=[$3], gender=[$4], city=[$5], lastname=[$6], balance=[$7], employer=[$8], state=[$9], age=[$10], email=[$11], male=[$12])
            CalciteLogicalIndexScan(table=[[OpenSearch, opensearch-sql_test_index_bank]])
          LogicalSystemLimit(fetch=[50000], type=[JOIN_SUBSEARCH_MAXOUT])
            LogicalProject(account_number=[$0], firstname=[$1], address=[$2], birthdate=[$3], gender=[$4], city=[$5], lastname=[$6], balance=[$7], employer=[$8], state=[$9], age=[$10], email=[$11], male=[$12])
              CalciteLogicalIndexScan(table=[[OpenSearch, opensearch-sql_test_index_bank]])
  physical: |
    EnumerableCalc(expr#0..13=[{inputs}], account_number=[$t1], firstname=[$t2], address=[$t3], birthdate=[$t4], gender=[$t5], city=[$t6], lastname=[$t7], balance=[$t8], employer=[$t9], state=[$t10], age=[$t11], email=[$t12], male=[$t13])
      EnumerableLimit(fetch=[10000])
        EnumerableMergeJoin(condition=[=($0, $1)], joinType=[left])
          CalciteEnumerableIndexScan(table=[[OpenSearch, opensearch-sql_test_index_bank]], PushDownContext=[[PROJECT->[account_number], LIMIT->10000, SORT->[{
      "account_number" : {
        "order" : "asc",
        "missing" : "_last"
      }
    }]], OpenSearchRequestBuilder(sourceBuilder={"from":0,"size":10000,"timeout":"1m","_source":{"includes":["account_number"],"excludes":[]},"sort":[{"account_number":{"order":"asc","missing":"_last"}}]}, requestedTotalSize=10000, pageSize=null, startFrom=0)])
          CalciteEnumerableIndexScan(table=[[OpenSearch, opensearch-sql_test_index_bank]], PushDownContext=[[PROJECT->[account_number, firstname, address, birthdate, gender, city, lastname, balance, employer, state, age, email, male], LIMIT->50000, SORT->[{
      "account_number" : {
        "order" : "asc",
        "missing" : "_last"
      }
    }]], OpenSearchRequestBuilder(sourceBuilder={"from":0,"size":50000,"timeout":"1m","_source":{"includes":["account_number","firstname","address","birthdate","gender","city","lastname","balance","employer","state","age","email","male"],"excludes":[]},"sort":[{"account_number":{"order":"asc","missing":"_last"}}]}, requestedTotalSize=50000, pageSize=null, startFrom=0)])
