calcite:
  logical: |
    LogicalSystemLimit(fetch=[10000], type=[QUERY_SIZE_LIMIT])
      LogicalSort(offset=[10], fetch=[10])
        LogicalSort(sort0=[$1], dir0=[ASC-nulls-first], fetch=[100])
          LogicalProject(count()=[$1], state=[$0])
            LogicalAggregate(group=[{0}], count()=[COUNT()])
              LogicalProject(state=[$7])
                CalciteLogicalIndexScan(table=[[OpenSearch, opensearch-sql_test_index_account]])
  physical: |
    EnumerableLimit(fetch=[10000])
      EnumerableLimit(offset=[10], fetch=[10])
        CalciteEnumerableIndexScan(table=[[OpenSearch, opensearch-sql_test_index_account]], PushDownContext=[[AGGREGATION->rel#:LogicalAggregate.NONE.[](input=RelSubset#,group={0},count()=COUNT()), PROJECT->[count(), state], SORT->[1 ASC FIRST], LIMIT->100, LIMIT->[10 from 10]], OpenSearchRequestBuilder(sourceBuilder={"from":0,"size":0,"timeout":"1m","aggregations":{"composite_buckets":{"composite":{"size":20,"sources":[{"state":{"terms":{"field":"state.keyword","missing_bucket":true,"missing_order":"first","order":"asc"}}}]}}}}, requestedTotalSize=2147483647, pageSize=null, startFrom=0)])
