calcite:
  logical: |
    LogicalSystemLimit(fetch=[10000], type=[QUERY_SIZE_LIMIT])
      LogicalProject(age=[COALESCE($8, 0)], balance=[COALESCE($3, 0)])
        CalciteLogicalIndexScan(table=[[OpenSearch, opensearch-sql_test_index_account]])
  physical: |
    EnumerableCalc(expr#0..1=[{inputs}], expr#2=[0], expr#3=[COALESCE($t0, $t2)], expr#4=[COALESCE($t1, $t2)], $f0=[$t3], $f1=[$t4])
      CalciteEnumerableIndexScan(table=[[OpenSearch, opensearch-sql_test_index_account]], PushDownContext=[[PROJECT->[age, balance], LIMIT->10000], OpenSearchRequestBuilder(sourceBuilder={"from":0,"size":10000,"timeout":"1m","_source":{"includes":["age","balance"],"excludes":[]}}, requestedTotalSize=10000, pageSize=null, startFrom=0)])
