calcite:
  logical: |
    LogicalSystemLimit(sort0=[$2], dir0=[DESC-nulls-last], fetch=[10000], type=[QUERY_SIZE_LIMIT])
      LogicalProject(id=[$2], name=[$0], salary=[$4])
        LogicalSort(sort0=[$4], dir0=[DESC-nulls-last])
          LogicalFilter(condition=[EXISTS({
    LogicalSystemLimit(fetch=[10000], type=[SUBSEARCH_MAXOUT])
      LogicalProject(name=[$0], uid=[$1], occupation=[$2], department=[$3])
        LogicalFilter(condition=[=($0, 'Tom')])
          CalciteLogicalIndexScan(table=[[OpenSearch, opensearch-sql_test_index_work_information]])
    })], variablesSet=[[$cor0]])
            CalciteLogicalIndexScan(table=[[OpenSearch, opensearch-sql_test_index_worker]])
  physical: |
    EnumerableLimit(fetch=[10000])
      EnumerableCalc(expr#0..3=[{inputs}], id=[$t1], name=[$t0], salary=[$t2])
        EnumerableSort(sort0=[$2], dir0=[DESC-nulls-last])
          EnumerableNestedLoopJoin(condition=[true], joinType=[inner])
            CalciteEnumerableIndexScan(table=[[OpenSearch, opensearch-sql_test_index_worker]], PushDownContext=[[PROJECT->[name, id, salary]], OpenSearchRequestBuilder(sourceBuilder={"from":0,"timeout":"1m","_source":{"includes":["name","id","salary"],"excludes":[]}}, requestedTotalSize=2147483647, pageSize=null, startFrom=0)])
            EnumerableAggregate(group=[{0}])
              EnumerableCalc(expr#0=[{inputs}], expr#1=[true], i=[$t1])
                CalciteEnumerableIndexScan(table=[[OpenSearch, opensearch-sql_test_index_work_information]], PushDownContext=[[PROJECT->[name], FILTER->=($0, 'Tom'), LIMIT->10000], OpenSearchRequestBuilder(sourceBuilder={"from":0,"size":10000,"timeout":"1m","query":{"term":{"name":{"value":"Tom","boost":1.0}}},"_source":{"includes":["name"],"excludes":[]}}, requestedTotalSize=10000, pageSize=null, startFrom=0)])