calcite:
  logical: |
    LogicalSystemLimit(fetch=[10000], type=[QUERY_SIZE_LIMIT])
      LogicalProject(state=[$7], new_state=[REPLACE($7, 'IL':VARCHAR, 'Illinois':VARCHAR)])
        CalciteLogicalIndexScan(table=[[OpenSearch, opensearch-sql_test_index_account]])
  physical: |
    EnumerableCalc(expr#0=[{inputs}], expr#1=['IL':VARCHAR], expr#2=['Illinois':VARCHAR], expr#3=[REPLACE($t0, $t1, $t2)], state=[$t0], $f1=[$t3])
      CalciteEnumerableIndexScan(table=[[OpenSearch, opensearch-sql_test_index_account]], PushDownContext=[[PROJECT->[state], LIMIT->10000], OpenSearchRequestBuilder(sourceBuilder={"from":0,"size":10000,"timeout":"1m","_source":{"includes":["state"],"excludes":[]}}, requestedTotalSize=10000, pageSize=null, startFrom=0)])