{
  "calcite": {
    "logical": "LogicalSystemLimit(fetch=[10000], type=[QUERY_SIZE_LIMIT])\n  LogicalProject(count()=[$1], span(birthdate,1M)=[$0])\n    LogicalAggregate(group=[{0}], count()=[COUNT()])\n      LogicalProject(span(birthdate,1M)=[SPAN($3, 1, 'M')])\n        CalciteLogicalIndexScan(table=[[OpenSearch, opensearch-sql_test_index_bank]])\n",
    "physical": "EnumerableLimit(fetch=[10000])\n  EnumerableCalc(expr#0..1=[{inputs}], count()=[$t1], span(birthdate,1M)=[$t0])\n    CalciteEnumerableIndexScan(table=[[OpenSearch, opensearch-sql_test_index_bank]], PushDownContext=[[AGGREGATION->rel#:LogicalAggregate.NONE.[](input=RelSubset#,group={0},count()=COUNT())], OpenSearchRequestBuilder(sourceBuilder={\"from\":0,\"size\":0,\"timeout\":\"1m\",\"aggregations\":{\"composite_buckets\":{\"composite\":{\"size\":1000,\"sources\":[{\"span(birthdate,1M)\":{\"date_histogram\":{\"field\":\"birthdate\",\"missing_bucket\":true,\"missing_order\":\"first\",\"order\":\"asc\",\"calendar_interval\":\"1M\"}}}]},\"aggregations\":{\"count()\":{\"value_count\":{\"field\":\"_index\"}}}}}}, requestedTotalSize=2147483647, pageSize=null, startFrom=0)])\n"
  }
}
