calcite:
  logical: |
    LogicalSystemLimit(fetch=[10000], type=[QUERY_SIZE_LIMIT])
      LogicalProject(avg(cpu_usage)=[ROUND($1, 2)], @timestamp=[$0])
        LogicalAggregate(group=[{0}], avg(cpu_usage)=[AVG($1)])
          LogicalProject(@timestamp=[WIDTH_BUCKET($1, 3, MIN($1) OVER (), MAX($1) OVER ())], cpu_usage=[$7])
            CalciteLogicalIndexScan(table=[[OpenSearch, events]])
  physical: |
    EnumerableLimit(fetch=[10000])
      EnumerableCalc(expr#0..1=[{inputs}], expr#2=[2], expr#3=[ROUND($t1, $t2)], expr#4=[IS NOT NULL($t1)], avg(cpu_usage)=[$t3], @timestamp=[$t0], $condition=[$t4])
        CalciteEnumerableIndexScan(table=[[OpenSearch, events]], PushDownContext=[[AGGREGATION->rel#:LogicalAggregate.NONE.[](input=RelSubset#,group={0},avg(cpu_usage)=AVG($1))], OpenSearchRequestBuilder(sourceBuilder={"from":0,"size":0,"timeout":"1m","aggregations":{"@timestamp":{"auto_date_histogram":{"field":"@timestamp","buckets":3,"minimum_interval":null},"aggregations":{"avg(cpu_usage)":{"avg":{"field":"cpu_usage"}}}}}}, requestedTotalSize=2147483647, pageSize=null, startFrom=0)])