calcite:
  logical: |
    LogicalSystemLimit(sort0=[$0], sort1=[$1], dir0=[ASC], dir1=[ASC], fetch=[10000], type=[QUERY_SIZE_LIMIT])
      LogicalSort(sort0=[$0], sort1=[$1], dir0=[ASC], dir1=[ASC])
        LogicalAggregate(group=[{0, 1}], avg(cpu_usage)=[SUM($2)])
          LogicalProject(@timestamp=[$0], host=[CASE(IS NOT NULL($3), $1, CASE(IS NULL($1), null:NULL, 'OTHER'))], avg(cpu_usage)=[$2])
            LogicalJoin(condition=[=($1, $3)], joinType=[left])
              LogicalProject(@timestamp=[$1], host=[$0], $f2=[$2])
                LogicalAggregate(group=[{0, 2}], agg#0=[AVG($1)])
                  LogicalProject(host=[$4], cpu_usage=[$7], $f3=[SPAN($1, 1, 'm')])
                    CalciteLogicalIndexScan(table=[[OpenSearch, events]])
              LogicalSort(sort0=[$1], dir0=[DESC], fetch=[10])
                LogicalAggregate(group=[{1}], grand_total=[SUM($2)])
                  LogicalFilter(condition=[IS NOT NULL($1)])
                    LogicalProject(@timestamp=[$1], host=[$0], $f2=[$2])
                      LogicalAggregate(group=[{0, 2}], agg#0=[AVG($1)])
                        LogicalProject(host=[$4], cpu_usage=[$7], $f3=[SPAN($1, 1, 'm')])
                          CalciteLogicalIndexScan(table=[[OpenSearch, events]])
  physical: |
    EnumerableLimit(fetch=[10000])
      EnumerableSort(sort0=[$0], sort1=[$1], dir0=[ASC], dir1=[ASC])
        EnumerableAggregate(group=[{0, 1}], avg(cpu_usage)=[SUM($2)])
          EnumerableCalc(expr#0..4=[{inputs}], expr#5=[IS NOT NULL($t3)], expr#6=[IS NULL($t1)], expr#7=[null:NULL], expr#8=['OTHER'], expr#9=[CASE($t6, $t7, $t8)], expr#10=[CASE($t5, $t1, $t9)], @timestamp=[$t0], host=[$t10], avg(cpu_usage)=[$t2])
            EnumerableMergeJoin(condition=[=($1, $3)], joinType=[left])
              EnumerableSort(sort0=[$1], dir0=[ASC])
                EnumerableCalc(expr#0..3=[{inputs}], expr#4=[0], expr#5=[=($t3, $t4)], expr#6=[null:DOUBLE], expr#7=[CASE($t5, $t6, $t2)], expr#8=[/($t7, $t3)], @timestamp=[$t1], host=[$t0], $f2=[$t8])
                  EnumerableAggregate(group=[{0, 2}], agg#0=[$SUM0($1)], agg#1=[COUNT($1)])
                    CalciteEnumerableIndexScan(table=[[OpenSearch, events]], PushDownContext=[[PROJECT->[host, cpu_usage], SCRIPT_PROJECT->[$f3]], OpenSearchRequestBuilder(sourceBuilder={"from":0,"timeout":"1m","_source":{"includes":["host","cpu_usage"],"excludes":[]},"fields":[{"field":"$f3"}],"derived":{"$f3":{"type":"keyword","script":{"source":"{\"langType\":\"calcite\",\"script\":\"rO0ABXNyABFqYXZhLnV0aWwuQ29sbFNlcleOq7Y6G6gRAwABSQADdGFneHAAAAADdwQAAAAGdAAHcm93VHlwZXQAuHsKICAiZmllbGRzIjogWwogICAgewogICAgICAidWR0IjogIkVYUFJfVElNRVNUQU1QIiwKICAgICAgInR5cGUiOiAiVkFSQ0hBUiIsCiAgICAgICJudWxsYWJsZSI6IHRydWUsCiAgICAgICJwcmVjaXNpb24iOiAtMSwKICAgICAgIm5hbWUiOiAiQHRpbWVzdGFtcCIKICAgIH0KICBdLAogICJudWxsYWJsZSI6IGZhbHNlCn10AARleHBydAKDewogICJvcCI6IHsKICAgICJuYW1lIjogIlNQQU4iLAogICAgImtpbmQiOiAiT1RIRVJfRlVOQ1RJT04iLAogICAgInN5bnRheCI6ICJGVU5DVElPTiIKICB9LAogICJvcGVyYW5kcyI6IFsKICAgIHsKICAgICAgImlucHV0IjogMCwKICAgICAgIm5hbWUiOiAiJDAiCiAgICB9LAogICAgewogICAgICAibGl0ZXJhbCI6IDEsCiAgICAgICJ0eXBlIjogewogICAgICAgICJ0eXBlIjogIklOVEVHRVIiLAogICAgICAgICJudWxsYWJsZSI6IGZhbHNlCiAgICAgIH0KICAgIH0sCiAgICB7CiAgICAgICJsaXRlcmFsIjogIm0iLAogICAgICAidHlwZSI6IHsKICAgICAgICAidHlwZSI6ICJDSEFSIiwKICAgICAgICAibnVsbGFibGUiOiBmYWxzZSwKICAgICAgICAicHJlY2lzaW9uIjogMQogICAgICB9CiAgICB9CiAgXSwKICAiY2xhc3MiOiAib3JnLm9wZW5zZWFyY2guc3FsLmV4cHJlc3Npb24uZnVuY3Rpb24uVXNlckRlZmluZWRGdW5jdGlvbkJ1aWxkZXIkMSIsCiAgInR5cGUiOiB7CiAgICAidWR0IjogIkVYUFJfVElNRVNUQU1QIiwKICAgICJ0eXBlIjogIlZBUkNIQVIiLAogICAgIm51bGxhYmxlIjogdHJ1ZSwKICAgICJwcmVjaXNpb24iOiAtMQogIH0sCiAgImRldGVybWluaXN0aWMiOiB0cnVlLAogICJkeW5hbWljIjogZmFsc2UKfXQACmZpZWxkVHlwZXNzcgARamF2YS51dGlsLkhhc2hNYXAFB9rBwxZg0QMAAkYACmxvYWRGYWN0b3JJAAl0aHJlc2hvbGR4cD9AAAAAAAAMdwgAAAAQAAAAAXQACkB0aW1lc3RhbXBzcgA6b3JnLm9wZW5zZWFyY2guc3FsLm9wZW5zZWFyY2guZGF0YS50eXBlLk9wZW5TZWFyY2hEYXRlVHlwZZ4tUq4QfcqvAgABTAAHZm9ybWF0c3QAEExqYXZhL3V0aWwvTGlzdDt4cgA6b3JnLm9wZW5zZWFyY2guc3FsLm9wZW5zZWFyY2guZGF0YS50eXBlLk9wZW5TZWFyY2hEYXRhVHlwZcJjvMoC+gU1AgADTAAMZXhwckNvcmVUeXBldAArTG9yZy9vcGVuc2VhcmNoL3NxbC9kYXRhL3R5cGUvRXhwckNvcmVUeXBlO0wAC21hcHBpbmdUeXBldABITG9yZy9vcGVuc2VhcmNoL3NxbC9vcGVuc2VhcmNoL2RhdGEvdHlwZS9PcGVuU2VhcmNoRGF0YVR5cGUkTWFwcGluZ1R5cGU7TAAKcHJvcGVydGllc3QAD0xqYXZhL3V0aWwvTWFwO3hwfnIAKW9yZy5vcGVuc2VhcmNoLnNxbC5kYXRhLnR5cGUuRXhwckNvcmVUeXBlAAAAAAAAAAASAAB4cgAOamF2YS5sYW5nLkVudW0AAAAAAAAAABIAAHhwdAAJVElNRVNUQU1QfnIARm9yZy5vcGVuc2VhcmNoLnNxbC5vcGVuc2VhcmNoLmRhdGEudHlwZS5PcGVuU2VhcmNoRGF0YVR5cGUkTWFwcGluZ1R5cGUAAAAAAAAAABIAAHhxAH4AEnQABERhdGVzcgA8c2hhZGVkLmNvbS5nb29nbGUuY29tbW9uLmNvbGxlY3QuSW1tdXRhYmxlTWFwJFNlcmlhbGl6ZWRGb3JtAAAAAAAAAAACAAJMAARrZXlzdAASTGphdmEvbGFuZy9PYmplY3Q7TAAGdmFsdWVzcQB+ABl4cHVyABNbTGphdmEubGFuZy5PYmplY3Q7kM5YnxBzKWwCAAB4cAAAAAB1cQB+ABsAAAAAc3EAfgAAAAAAAXcEAAAAAHh4eA==\"}","lang":"opensearch_compounded_script","params":{"utcTimestamp": 0}}}}}, requestedTotalSize=2147483647, pageSize=null, startFrom=0)])
              EnumerableSort(sort0=[$0], dir0=[ASC])
                EnumerableLimit(fetch=[10])
                  EnumerableSort(sort0=[$1], dir0=[DESC])
                    EnumerableAggregate(group=[{0}], grand_total=[SUM($2)])
                      EnumerableCalc(expr#0..3=[{inputs}], expr#4=[0], expr#5=[=($t3, $t4)], expr#6=[null:DOUBLE], expr#7=[CASE($t5, $t6, $t2)], expr#8=[/($t7, $t3)], proj#0..1=[{exprs}], $f2=[$t8])
                        EnumerableAggregate(group=[{0, 2}], agg#0=[$SUM0($1)], agg#1=[COUNT($1)])
                          CalciteEnumerableIndexScan(table=[[OpenSearch, events]], PushDownContext=[[FILTER->IS NOT NULL($4), PROJECT->[host, cpu_usage], SCRIPT_PROJECT->[$f3]], OpenSearchRequestBuilder(sourceBuilder={"from":0,"timeout":"1m","query":{"exists":{"field":"host","boost":1.0}},"_source":{"includes":["host","cpu_usage"],"excludes":[]},"fields":[{"field":"$f3"}],"derived":{"$f3":{"type":"keyword","script":{"source":"{\"langType\":\"calcite\",\"script\":\"rO0ABXNyABFqYXZhLnV0aWwuQ29sbFNlcleOq7Y6G6gRAwABSQADdGFneHAAAAADdwQAAAAGdAAHcm93VHlwZXQAuHsKICAiZmllbGRzIjogWwogICAgewogICAgICAidWR0IjogIkVYUFJfVElNRVNUQU1QIiwKICAgICAgInR5cGUiOiAiVkFSQ0hBUiIsCiAgICAgICJudWxsYWJsZSI6IHRydWUsCiAgICAgICJwcmVjaXNpb24iOiAtMSwKICAgICAgIm5hbWUiOiAiQHRpbWVzdGFtcCIKICAgIH0KICBdLAogICJudWxsYWJsZSI6IGZhbHNlCn10AARleHBydAKDewogICJvcCI6IHsKICAgICJuYW1lIjogIlNQQU4iLAogICAgImtpbmQiOiAiT1RIRVJfRlVOQ1RJT04iLAogICAgInN5bnRheCI6ICJGVU5DVElPTiIKICB9LAogICJvcGVyYW5kcyI6IFsKICAgIHsKICAgICAgImlucHV0IjogMCwKICAgICAgIm5hbWUiOiAiJDAiCiAgICB9LAogICAgewogICAgICAibGl0ZXJhbCI6IDEsCiAgICAgICJ0eXBlIjogewogICAgICAgICJ0eXBlIjogIklOVEVHRVIiLAogICAgICAgICJudWxsYWJsZSI6IGZhbHNlCiAgICAgIH0KICAgIH0sCiAgICB7CiAgICAgICJsaXRlcmFsIjogIm0iLAogICAgICAidHlwZSI6IHsKICAgICAgICAidHlwZSI6ICJDSEFSIiwKICAgICAgICAibnVsbGFibGUiOiBmYWxzZSwKICAgICAgICAicHJlY2lzaW9uIjogMQogICAgICB9CiAgICB9CiAgXSwKICAiY2xhc3MiOiAib3JnLm9wZW5zZWFyY2guc3FsLmV4cHJlc3Npb24uZnVuY3Rpb24uVXNlckRlZmluZWRGdW5jdGlvbkJ1aWxkZXIkMSIsCiAgInR5cGUiOiB7CiAgICAidWR0IjogIkVYUFJfVElNRVNUQU1QIiwKICAgICJ0eXBlIjogIlZBUkNIQVIiLAogICAgIm51bGxhYmxlIjogdHJ1ZSwKICAgICJwcmVjaXNpb24iOiAtMQogIH0sCiAgImRldGVybWluaXN0aWMiOiB0cnVlLAogICJkeW5hbWljIjogZmFsc2UKfXQACmZpZWxkVHlwZXNzcgARamF2YS51dGlsLkhhc2hNYXAFB9rBwxZg0QMAAkYACmxvYWRGYWN0b3JJAAl0aHJlc2hvbGR4cD9AAAAAAAAMdwgAAAAQAAAAAXQACkB0aW1lc3RhbXBzcgA6b3JnLm9wZW5zZWFyY2guc3FsLm9wZW5zZWFyY2guZGF0YS50eXBlLk9wZW5TZWFyY2hEYXRlVHlwZZ4tUq4QfcqvAgABTAAHZm9ybWF0c3QAEExqYXZhL3V0aWwvTGlzdDt4cgA6b3JnLm9wZW5zZWFyY2guc3FsLm9wZW5zZWFyY2guZGF0YS50eXBlLk9wZW5TZWFyY2hEYXRhVHlwZcJjvMoC+gU1AgADTAAMZXhwckNvcmVUeXBldAArTG9yZy9vcGVuc2VhcmNoL3NxbC9kYXRhL3R5cGUvRXhwckNvcmVUeXBlO0wAC21hcHBpbmdUeXBldABITG9yZy9vcGVuc2VhcmNoL3NxbC9vcGVuc2VhcmNoL2RhdGEvdHlwZS9PcGVuU2VhcmNoRGF0YVR5cGUkTWFwcGluZ1R5cGU7TAAKcHJvcGVydGllc3QAD0xqYXZhL3V0aWwvTWFwO3hwfnIAKW9yZy5vcGVuc2VhcmNoLnNxbC5kYXRhLnR5cGUuRXhwckNvcmVUeXBlAAAAAAAAAAASAAB4cgAOamF2YS5sYW5nLkVudW0AAAAAAAAAABIAAHhwdAAJVElNRVNUQU1QfnIARm9yZy5vcGVuc2VhcmNoLnNxbC5vcGVuc2VhcmNoLmRhdGEudHlwZS5PcGVuU2VhcmNoRGF0YVR5cGUkTWFwcGluZ1R5cGUAAAAAAAAAABIAAHhxAH4AEnQABERhdGVzcgA8c2hhZGVkLmNvbS5nb29nbGUuY29tbW9uLmNvbGxlY3QuSW1tdXRhYmxlTWFwJFNlcmlhbGl6ZWRGb3JtAAAAAAAAAAACAAJMAARrZXlzdAASTGphdmEvbGFuZy9PYmplY3Q7TAAGdmFsdWVzcQB+ABl4cHVyABNbTGphdmEubGFuZy5PYmplY3Q7kM5YnxBzKWwCAAB4cAAAAAB1cQB+ABsAAAAAc3EAfgAAAAAAAXcEAAAAAHh4eA==\"}","lang":"opensearch_compounded_script","params":{"utcTimestamp": 0}}}}}, requestedTotalSize=2147483647, pageSize=null, startFrom=0)])
