calcite:
  logical: |
    LogicalSystemLimit(fetch=[10000], type=[QUERY_SIZE_LIMIT])
      LogicalProject(account_number=[$0], firstname=[$1], address=[$2], balance=[$3], gender=[$4], city=[$5], employer=[$6], state=[$7], age=[$8], email=[$9], lastname=[$10], initial=[$17])
        LogicalSort(fetch=[5])
          LogicalProject(account_number=[$0], firstname=[$1], address=[$2], balance=[$3], gender=[$4], city=[$5], employer=[$6], state=[$7], age=[$8], email=[$9], lastname=[$10], _id=[$11], _index=[$12], _score=[$13], _maxscore=[$14], _sort=[$15], _routing=[$16], initial=[REX_EXTRACT($10, '(?<initial>^[A-Z])', 1)])
            CalciteLogicalIndexScan(table=[[OpenSearch, opensearch-sql_test_index_account]])
  physical: |
    CalciteEnumerableIndexScan(table=[[OpenSearch, opensearch-sql_test_index_account]], PushDownContext=[[PROJECT->[account_number, firstname, address, balance, gender, city, employer, state, age, email, lastname], SCRIPT_PROJECT->[initial], LIMIT->5, LIMIT->10000], OpenSearchRequestBuilder(sourceBuilder={"from":0,"size":5,"timeout":"1m","_source":{"includes":["account_number","firstname","address","balance","gender","city","employer","state","age","email","lastname"],"excludes":[]},"fields":[{"field":"initial"}],"derived":{"initial":{"type":"keyword","script":{"source":"{\"langType\":\"calcite\",\"script\":\"rO0ABXNyABFqYXZhLnV0aWwuQ29sbFNlcleOq7Y6G6gRAwABSQADdGFneHAAAAADdwQAAAAGdAAHcm93VHlwZXQAl3sKICAiZmllbGRzIjogWwogICAgewogICAgICAidHlwZSI6ICJWQVJDSEFSIiwKICAgICAgIm51bGxhYmxlIjogdHJ1ZSwKICAgICAgInByZWNpc2lvbiI6IC0xLAogICAgICAibmFtZSI6ICJsYXN0bmFtZSIKICAgIH0KICBdLAogICJudWxsYWJsZSI6IGZhbHNlCn10AARleHBydAKBewogICJvcCI6IHsKICAgICJuYW1lIjogIlJFWF9FWFRSQUNUIiwKICAgICJraW5kIjogIk9USEVSX0ZVTkNUSU9OIiwKICAgICJzeW50YXgiOiAiRlVOQ1RJT04iCiAgfSwKICAib3BlcmFuZHMiOiBbCiAgICB7CiAgICAgICJpbnB1dCI6IDAsCiAgICAgICJuYW1lIjogIiQwIgogICAgfSwKICAgIHsKICAgICAgImxpdGVyYWwiOiAiKD88aW5pdGlhbD5eW0EtWl0pIiwKICAgICAgInR5cGUiOiB7CiAgICAgICAgInR5cGUiOiAiQ0hBUiIsCiAgICAgICAgIm51bGxhYmxlIjogZmFsc2UsCiAgICAgICAgInByZWNpc2lvbiI6IDE4CiAgICAgIH0KICAgIH0sCiAgICB7CiAgICAgICJsaXRlcmFsIjogMSwKICAgICAgInR5cGUiOiB7CiAgICAgICAgInR5cGUiOiAiSU5URUdFUiIsCiAgICAgICAgIm51bGxhYmxlIjogZmFsc2UKICAgICAgfQogICAgfQogIF0sCiAgImNsYXNzIjogIm9yZy5vcGVuc2VhcmNoLnNxbC5leHByZXNzaW9uLmZ1bmN0aW9uLlVzZXJEZWZpbmVkRnVuY3Rpb25CdWlsZGVyJDEiLAogICJ0eXBlIjogewogICAgInR5cGUiOiAiVkFSQ0hBUiIsCiAgICAibnVsbGFibGUiOiB0cnVlLAogICAgInByZWNpc2lvbiI6IDIwMDAKICB9LAogICJkZXRlcm1pbmlzdGljIjogdHJ1ZSwKICAiZHluYW1pYyI6IGZhbHNlCn10AApmaWVsZFR5cGVzc3IAEWphdmEudXRpbC5IYXNoTWFwBQfawcMWYNEDAAJGAApsb2FkRmFjdG9ySQAJdGhyZXNob2xkeHA/QAAAAAAADHcIAAAAEAAAAAF0AAhsYXN0bmFtZXNyADpvcmcub3BlbnNlYXJjaC5zcWwub3BlbnNlYXJjaC5kYXRhLnR5cGUuT3BlblNlYXJjaFRleHRUeXBlrYOjkwTjMUQCAAFMAAZmaWVsZHN0AA9MamF2YS91dGlsL01hcDt4cgA6b3JnLm9wZW5zZWFyY2guc3FsLm9wZW5zZWFyY2guZGF0YS50eXBlLk9wZW5TZWFyY2hEYXRhVHlwZcJjvMoC+gU1AgADTAAMZXhwckNvcmVUeXBldAArTG9yZy9vcGVuc2VhcmNoL3NxbC9kYXRhL3R5cGUvRXhwckNvcmVUeXBlO0wAC21hcHBpbmdUeXBldABITG9yZy9vcGVuc2VhcmNoL3NxbC9vcGVuc2VhcmNoL2RhdGEvdHlwZS9PcGVuU2VhcmNoRGF0YVR5cGUkTWFwcGluZ1R5cGU7TAAKcHJvcGVydGllc3EAfgALeHB+cgApb3JnLm9wZW5zZWFyY2guc3FsLmRhdGEudHlwZS5FeHByQ29yZVR5cGUAAAAAAAAAABIAAHhyAA5qYXZhLmxhbmcuRW51bQAAAAAAAAAAEgAAeHB0AAdVTktOT1dOfnIARm9yZy5vcGVuc2VhcmNoLnNxbC5vcGVuc2VhcmNoLmRhdGEudHlwZS5PcGVuU2VhcmNoRGF0YVR5cGUkTWFwcGluZ1R5cGUAAAAAAAAAABIAAHhxAH4AEXQABFRleHRzcgA8c2hhZGVkLmNvbS5nb29nbGUuY29tbW9uLmNvbGxlY3QuSW1tdXRhYmxlTWFwJFNlcmlhbGl6ZWRGb3JtAAAAAAAAAAACAAJMAARrZXlzdAASTGphdmEvbGFuZy9PYmplY3Q7TAAGdmFsdWVzcQB+ABh4cHVyABNbTGphdmEubGFuZy5PYmplY3Q7kM5YnxBzKWwCAAB4cAAAAAB1cQB+ABoAAAAAc3EAfgAAAAAAA3cEAAAAAnQAB2tleXdvcmRzcQB+AAx+cQB+ABB0AAZTVFJJTkd+cQB+ABR0AAdLZXl3b3JkcQB+ABl4eHg=\"}","lang":"opensearch_compounded_script","params":{"utcTimestamp": 0}}}}}, requestedTotalSize=5, pageSize=null, startFrom=0)])
