{
  "calcite": {
    "logical": "LogicalSystemLimit(fetch=[10000], type=[QUERY_SIZE_LIMIT])\n  LogicalAggregate(group=[{}], first_account=[FIRST($0)], last_balance=[LAST($1)], first_age=[FIRST($2)])\n    LogicalProject(account_number=[$0], balance=[$7], age=[$10])\n      CalciteLogicalIndexScan(table=[[OpenSearch, opensearch-sql_test_index_bank]])\n",
    "physical": "EnumerableLimit(fetch=[10000])\n  EnumerableAggregate(group=[{}], first_account=[FIRST($0)], last_balance=[LAST($1)], first_age=[FIRST($2)])\n    CalciteEnumerableIndexScan(table=[[OpenSearch, opensearch-sql_test_index_bank]], PushDownContext=[[PROJECT->[account_number, balance, age]], OpenSearchRequestBuilder(sourceBuilder={\"from\":0,\"timeout\":\"1m\",\"_source\":{\"includes\":[\"account_number\",\"balance\",\"age\"],\"excludes\":[]}}, requestedTotalSize=2147483647, pageSize=null, startFrom=0)])\n"
  }
}