calcite:
  logical: |
    LogicalSystemLimit(fetch=[10000], type=[QUERY_SIZE_LIMIT])
      LogicalProject(variablesSet=[[$cor0]], name=[$0], count_dept=[$SCALAR_QUERY({
    LogicalAggregate(group=[{}], count(name)=[COUNT($0)])
      LogicalProject(name=[$0])
        LogicalFilter(condition=[IS NOT NULL($0)])
          CalciteLogicalIndexScan(table=[[OpenSearch, opensearch-sql_test_index_work_information]])
    })])
        CalciteLogicalIndexScan(table=[[OpenSearch, opensearch-sql_test_index_worker]])
  physical: |
    EnumerableLimit(fetch=[10000])
      EnumerableNestedLoopJoin(condition=[true], joinType=[left])
        CalciteEnumerableIndexScan(table=[[OpenSearch, opensearch-sql_test_index_worker]], PushDownContext=[[PROJECT->[name]], OpenSearchRequestBuilder(sourceBuilder={"from":0,"timeout":"1m","_source":{"includes":["name"],"excludes":[]}}, requestedTotalSize=2147483647, pageSize=null, startFrom=0)])
        CalciteEnumerableIndexScan(table=[[OpenSearch, opensearch-sql_test_index_work_information]], PushDownContext=[[FILTER->IS NOT NULL($0), AGGREGATION->rel#:LogicalAggregate.NONE.[](input=RelSubset#,group={},count(name)=COUNT($0))], OpenSearchRequestBuilder(sourceBuilder={"from":0,"size":0,"timeout":"1m","query":{"exists":{"field":"name","boost":1.0}},"sort":[],"track_total_hits":2147483647}, requestedTotalSize=2147483647, pageSize=null, startFrom=0)])