{
  "calcite": {
    "logical": "LogicalSystemLimit(fetch=[10000], type=[QUERY_SIZE_LIMIT])\n  LogicalProject(account_number=[$0], firstname=[$1], address=[$2], balance=[$3], gender=[$4], city=[$5], employer=[$6], state=[$7], age=[$8], email=[$9], lastname=[$10])\n    LogicalFilter(condition=[OR(IS NULL($1), IS EMPTY(TRIM(FLAG(BOTH), ' ', $1)))])\n      CalciteLogicalIndexScan(table=[[OpenSearch, opensearch-sql_test_index_account]])\n",
    "physical": "CalciteEnumerableIndexScan(table=[[OpenSearch, opensearch-sql_test_index_account]], PushDownContext=[[PROJECT->[account_number, firstname, address, balance, gender, city, employer, state, age, email, lastname], SCRIPT->OR(IS NULL($1), IS EMPTY(TRIM(FLAG(BOTH), ' ', $1))), LIMIT->10000], OpenSearchRequestBuilder(sourceBuilder={\"from\":0,\"size\":10000,\"timeout\":\"1m\",\"query\":{\"script\":{\"script\":{\"source\":\"{\\\"langType\\\":\\\"calcite\\\",\\\"script\\\":\\\"rO0ABXNyABFqYXZhLnV0aWwuQ29sbFNlcleOq7Y6G6gRAwABSQADdGFneHAAAAADdwQAAAAGdAAHcm93VHlwZXQEj3sKICAiZmllbGRzIjogWwogICAgewogICAgICAidHlwZSI6ICJCSUdJTlQiLAogICAgICAibnVsbGFibGUiOiB0cnVlLAogICAgICAibmFtZSI6ICJhY2NvdW50X251bWJlciIKICAgIH0sCiAgICB7CiAgICAgICJ0eXBlIjogIlZBUkNIQVIiLAogICAgICAibnVsbGFibGUiOiB0cnVlLAogICAgICAicHJlY2lzaW9uIjogLTEsCiAgICAgICJuYW1lIjogImZpcnN0bmFtZSIKICAgIH0sCiAgICB7CiAgICAgICJ0eXBlIjogIlZBUkNIQVIiLAogICAgICAibnVsbGFibGUiOiB0cnVlLAogICAgICAicHJlY2lzaW9uIjogLTEsCiAgICAgICJuYW1lIjogImFkZHJlc3MiCiAgICB9LAogICAgewogICAgICAidHlwZSI6ICJCSUdJTlQiLAogICAgICAibnVsbGFibGUiOiB0cnVlLAogICAgICAibmFtZSI6ICJiYWxhbmNlIgogICAgfSwKICAgIHsKICAgICAgInR5cGUiOiAiVkFSQ0hBUiIsCiAgICAgICJudWxsYWJsZSI6IHRydWUsCiAgICAgICJwcmVjaXNpb24iOiAtMSwKICAgICAgIm5hbWUiOiAiZ2VuZGVyIgogICAgfSwKICAgIHsKICAgICAgInR5cGUiOiAiVkFSQ0hBUiIsCiAgICAgICJudWxsYWJsZSI6IHRydWUsCiAgICAgICJwcmVjaXNpb24iOiAtMSwKICAgICAgIm5hbWUiOiAiY2l0eSIKICAgIH0sCiAgICB7CiAgICAgICJ0eXBlIjogIlZBUkNIQVIiLAogICAgICAibnVsbGFibGUiOiB0cnVlLAogICAgICAicHJlY2lzaW9uIjogLTEsCiAgICAgICJuYW1lIjogImVtcGxveWVyIgogICAgfSwKICAgIHsKICAgICAgInR5cGUiOiAiVkFSQ0hBUiIsCiAgICAgICJudWxsYWJsZSI6IHRydWUsCiAgICAgICJwcmVjaXNpb24iOiAtMSwKICAgICAgIm5hbWUiOiAic3RhdGUiCiAgICB9LAogICAgewogICAgICAidHlwZSI6ICJCSUdJTlQiLAogICAgICAibnVsbGFibGUiOiB0cnVlLAogICAgICAibmFtZSI6ICJhZ2UiCiAgICB9LAogICAgewogICAgICAidHlwZSI6ICJWQVJDSEFSIiwKICAgICAgIm51bGxhYmxlIjogdHJ1ZSwKICAgICAgInByZWNpc2lvbiI6IC0xLAogICAgICAibmFtZSI6ICJlbWFpbCIKICAgIH0sCiAgICB7CiAgICAgICJ0eXBlIjogIlZBUkNIQVIiLAogICAgICAibnVsbGFibGUiOiB0cnVlLAogICAgICAicHJlY2lzaW9uIjogLTEsCiAgICAgICJuYW1lIjogImxhc3RuYW1lIgogICAgfQogIF0sCiAgIm51bGxhYmxlIjogZmFsc2UKfXQABGV4cHJ0BDR7CiAgIm9wIjogewogICAgIm5hbWUiOiAiT1IiLAogICAgImtpbmQiOiAiT1IiLAogICAgInN5bnRheCI6ICJCSU5BUlkiCiAgfSwKICAib3BlcmFuZHMiOiBbCiAgICB7CiAgICAgICJvcCI6IHsKICAgICAgICAibmFtZSI6ICJJUyBOVUxMIiwKICAgICAgICAia2luZCI6ICJJU19OVUxMIiwKICAgICAgICAic3ludGF4IjogIlBPU1RGSVgiCiAgICAgIH0sCiAgICAgICJvcGVyYW5kcyI6IFsKICAgICAgICB7CiAgICAgICAgICAiaW5wdXQiOiAxLAogICAgICAgICAgIm5hbWUiOiAiJDEiCiAgICAgICAgfQogICAgICBdCiAgICB9LAogICAgewogICAgICAib3AiOiB7CiAgICAgICAgIm5hbWUiOiAiSVMgRU1QVFkiLAogICAgICAgICJraW5kIjogIk9USEVSIiwKICAgICAgICAic3ludGF4IjogIlBPU1RGSVgiCiAgICAgIH0sCiAgICAgICJvcGVyYW5kcyI6IFsKICAgICAgICB7CiAgICAgICAgICAib3AiOiB7CiAgICAgICAgICAgICJuYW1lIjogIlRSSU0iLAogICAgICAgICAgICAia2luZCI6ICJUUklNIiwKICAgICAgICAgICAgInN5bnRheCI6ICJGVU5DVElPTiIKICAgICAgICAgIH0sCiAgICAgICAgICAib3BlcmFuZHMiOiBbCiAgICAgICAgICAgIHsKICAgICAgICAgICAgICAibGl0ZXJhbCI6ICJCT1RIIiwKICAgICAgICAgICAgICAidHlwZSI6IHsKICAgICAgICAgICAgICAgICJ0eXBlIjogIlNZTUJPTCIsCiAgICAgICAgICAgICAgICAibnVsbGFibGUiOiBmYWxzZQogICAgICAgICAgICAgIH0KICAgICAgICAgICAgfSwKICAgICAgICAgICAgewogICAgICAgICAgICAgICJsaXRlcmFsIjogIiAiLAogICAgICAgICAgICAgICJ0eXBlIjogewogICAgICAgICAgICAgICAgInR5cGUiOiAiQ0hBUiIsCiAgICAgICAgICAgICAgICAibnVsbGFibGUiOiBmYWxzZSwKICAgICAgICAgICAgICAgICJwcmVjaXNpb24iOiAxCiAgICAgICAgICAgICAgfQogICAgICAgICAgICB9LAogICAgICAgICAgICB7CiAgICAgICAgICAgICAgImlucHV0IjogMSwKICAgICAgICAgICAgICAibmFtZSI6ICIkMSIKICAgICAgICAgICAgfQogICAgICAgICAgXQogICAgICAgIH0KICAgICAgXQogICAgfQogIF0KfXQACmZpZWxkVHlwZXNzcgARamF2YS51dGlsLkhhc2hNYXAFB9rBwxZg0QMAAkYACmxvYWRGYWN0b3JJAAl0aHJlc2hvbGR4cD9AAAAAAAAMdwgAAAAQAAAAC3QADmFjY291bnRfbnVtYmVyfnIAKW9yZy5vcGVuc2VhcmNoLnNxbC5kYXRhLnR5cGUuRXhwckNvcmVUeXBlAAAAAAAAAAASAAB4cgAOamF2YS5sYW5nLkVudW0AAAAAAAAAABIAAHhwdAAETE9OR3QACWZpcnN0bmFtZXNyADpvcmcub3BlbnNlYXJjaC5zcWwub3BlbnNlYXJjaC5kYXRhLnR5cGUuT3BlblNlYXJjaFRleHRUeXBlrYOjkwTjMUQCAAFMAAZmaWVsZHN0AA9MamF2YS91dGlsL01hcDt4cgA6b3JnLm9wZW5zZWFyY2guc3FsLm9wZW5zZWFyY2guZGF0YS50eXBlLk9wZW5TZWFyY2hEYXRhVHlwZcJjvMoC+gU1AgADTAAMZXhwckNvcmVUeXBldAArTG9yZy9vcGVuc2VhcmNoL3NxbC9kYXRhL3R5cGUvRXhwckNvcmVUeXBlO0wAC21hcHBpbmdUeXBldABITG9yZy9vcGVuc2VhcmNoL3NxbC9vcGVuc2VhcmNoL2RhdGEvdHlwZS9PcGVuU2VhcmNoRGF0YVR5cGUkTWFwcGluZ1R5cGU7TAAKcHJvcGVydGllc3EAfgAQeHB+cQB+AAp0AAdVTktOT1dOfnIARm9yZy5vcGVuc2VhcmNoLnNxbC5vcGVuc2VhcmNoLmRhdGEudHlwZS5PcGVuU2VhcmNoRGF0YVR5cGUkTWFwcGluZ1R5cGUAAAAAAAAAABIAAHhxAH4AC3QABFRleHRzcgA8c2hhZGVkLmNvbS5nb29nbGUuY29tbW9uLmNvbGxlY3QuSW1tdXRhYmxlTWFwJFNlcmlhbGl6ZWRGb3JtAAAAAAAAAAACAAJMAARrZXlzdAASTGphdmEvbGFuZy9PYmplY3Q7TAAGdmFsdWVzcQB+ABt4cHVyABNbTGphdmEubGFuZy5PYmplY3Q7kM5YnxBzKWwCAAB4cAAAAAB1cQB+AB0AAAAAc3EAfgAAAAAAA3cEAAAAAnQAB2tleXdvcmRzcQB+ABF+cQB+AAp0AAZTVFJJTkd+cQB+ABd0AAdLZXl3b3JkcQB+ABx4dAAHYWRkcmVzc3NxAH4AD3EAfgAVcQB+ABhxAH4AHHNxAH4AAAAAAAN3BAAAAAB4dAAHYmFsYW5jZXEAfgAMdAAGZ2VuZGVyc3EAfgAPcQB+ABVxAH4AGHEAfgAcc3EAfgAAAAAAA3cEAAAAAnEAfgAhcQB+ACJ4dAAEY2l0eXNxAH4AD3EAfgAVcQB+ABhxAH4AHHNxAH4AAAAAAAN3BAAAAAJxAH4AIXEAfgAieHQACGVtcGxveWVyc3EAfgAPcQB+ABVxAH4AGHEAfgAcc3EAfgAAAAAAA3cEAAAAAnEAfgAhcQB+ACJ4dAAFc3RhdGVzcQB+AA9xAH4AFXEAfgAYcQB+ABxzcQB+AAAAAAADdwQAAAACcQB+ACFxAH4AInh0AANhZ2VxAH4ADHQABWVtYWlsc3EAfgAPcQB+ABVxAH4AGHEAfgAcc3EAfgAAAAAAA3cEAAAAAnEAfgAhcQB+ACJ4dAAIbGFzdG5hbWVzcQB+AA9xAH4AFXEAfgAYcQB+ABxzcQB+AAAAAAADdwQAAAACcQB+ACFxAH4AInh4eA==\\\"}\",\"lang\":\"opensearch_compounded_script\",\"params\":{\"utcTimestamp\":*}},\"boost\":1.0}},\"_source\":{\"includes\":[\"account_number\",\"firstname\",\"address\",\"balance\",\"gender\",\"city\",\"employer\",\"state\",\"age\",\"email\",\"lastname\"],\"excludes\":[]},\"sort\":[{\"_doc\":{\"order\":\"asc\"}}]}, requestedTotalSize=10000, pageSize=null, startFrom=0)])\n"
  }
}