calcite:
  logical: |
    LogicalSystemLimit(fetch=[10000], type=[QUERY_SIZE_LIMIT])
      LogicalProject(account_number=[$0], firstname=[$1], address=[$2], balance=[$3], gender=[$4], city=[$5], employer=[$6], state=[$7], age=[$8], email=[$9], lastname=[$10])
        LogicalFilter(condition=[OR(IS NULL($1), IS EMPTY(TRIM(FLAG(BOTH), ' ', $1)))])
          CalciteLogicalIndexScan(table=[[OpenSearch, opensearch-sql_test_index_account]])
  physical: |
    CalciteEnumerableIndexScan(table=[[OpenSearch, opensearch-sql_test_index_account]], PushDownContext=[[PROJECT->[account_number, firstname, address, balance, gender, city, employer, state, age, email, lastname], SCRIPT->OR(IS NULL($1), IS EMPTY(TRIM(FLAG(BOTH), ' ', $1))), LIMIT->10000], OpenSearchRequestBuilder(sourceBuilder={"from":0,"size":10000,"timeout":"1m","query":{"script":{"script":{"source":"{\"langType\":\"calcite\",\"script\":\"rO0ABXNyABFqYXZhLnV0aWwuQ29sbFNlcleOq7Y6G6gRAwABSQADdGFneHAAAAADdwQAAAAGdAAHcm93VHlwZXQAmHsKICAiZmllbGRzIjogWwogICAgewogICAgICAidHlwZSI6ICJWQVJDSEFSIiwKICAgICAgIm51bGxhYmxlIjogdHJ1ZSwKICAgICAgInByZWNpc2lvbiI6IC0xLAogICAgICAibmFtZSI6ICJmaXJzdG5hbWUiCiAgICB9CiAgXSwKICAibnVsbGFibGUiOiBmYWxzZQp9dAAEZXhwcnQENHsKICAib3AiOiB7CiAgICAibmFtZSI6ICJPUiIsCiAgICAia2luZCI6ICJPUiIsCiAgICAic3ludGF4IjogIkJJTkFSWSIKICB9LAogICJvcGVyYW5kcyI6IFsKICAgIHsKICAgICAgIm9wIjogewogICAgICAgICJuYW1lIjogIklTIE5VTEwiLAogICAgICAgICJraW5kIjogIklTX05VTEwiLAogICAgICAgICJzeW50YXgiOiAiUE9TVEZJWCIKICAgICAgfSwKICAgICAgIm9wZXJhbmRzIjogWwogICAgICAgIHsKICAgICAgICAgICJpbnB1dCI6IDAsCiAgICAgICAgICAibmFtZSI6ICIkMCIKICAgICAgICB9CiAgICAgIF0KICAgIH0sCiAgICB7CiAgICAgICJvcCI6IHsKICAgICAgICAibmFtZSI6ICJJUyBFTVBUWSIsCiAgICAgICAgImtpbmQiOiAiT1RIRVIiLAogICAgICAgICJzeW50YXgiOiAiUE9TVEZJWCIKICAgICAgfSwKICAgICAgIm9wZXJhbmRzIjogWwogICAgICAgIHsKICAgICAgICAgICJvcCI6IHsKICAgICAgICAgICAgIm5hbWUiOiAiVFJJTSIsCiAgICAgICAgICAgICJraW5kIjogIlRSSU0iLAogICAgICAgICAgICAic3ludGF4IjogIkZVTkNUSU9OIgogICAgICAgICAgfSwKICAgICAgICAgICJvcGVyYW5kcyI6IFsKICAgICAgICAgICAgewogICAgICAgICAgICAgICJsaXRlcmFsIjogIkJPVEgiLAogICAgICAgICAgICAgICJ0eXBlIjogewogICAgICAgICAgICAgICAgInR5cGUiOiAiU1lNQk9MIiwKICAgICAgICAgICAgICAgICJudWxsYWJsZSI6IGZhbHNlCiAgICAgICAgICAgICAgfQogICAgICAgICAgICB9LAogICAgICAgICAgICB7CiAgICAgICAgICAgICAgImxpdGVyYWwiOiAiICIsCiAgICAgICAgICAgICAgInR5cGUiOiB7CiAgICAgICAgICAgICAgICAidHlwZSI6ICJDSEFSIiwKICAgICAgICAgICAgICAgICJudWxsYWJsZSI6IGZhbHNlLAogICAgICAgICAgICAgICAgInByZWNpc2lvbiI6IDEKICAgICAgICAgICAgICB9CiAgICAgICAgICAgIH0sCiAgICAgICAgICAgIHsKICAgICAgICAgICAgICAiaW5wdXQiOiAwLAogICAgICAgICAgICAgICJuYW1lIjogIiQwIgogICAgICAgICAgICB9CiAgICAgICAgICBdCiAgICAgICAgfQogICAgICBdCiAgICB9CiAgXQp9dAAKZmllbGRUeXBlc3NyABFqYXZhLnV0aWwuSGFzaE1hcAUH2sHDFmDRAwACRgAKbG9hZEZhY3RvckkACXRocmVzaG9sZHhwP0AAAAAAAAx3CAAAABAAAAABdAAJZmlyc3RuYW1lc3IAOm9yZy5vcGVuc2VhcmNoLnNxbC5vcGVuc2VhcmNoLmRhdGEudHlwZS5PcGVuU2VhcmNoVGV4dFR5cGWtg6OTBOMxRAIAAUwABmZpZWxkc3QAD0xqYXZhL3V0aWwvTWFwO3hyADpvcmcub3BlbnNlYXJjaC5zcWwub3BlbnNlYXJjaC5kYXRhLnR5cGUuT3BlblNlYXJjaERhdGFUeXBlwmO8ygL6BTUCAANMAAxleHByQ29yZVR5cGV0ACtMb3JnL29wZW5zZWFyY2gvc3FsL2RhdGEvdHlwZS9FeHByQ29yZVR5cGU7TAALbWFwcGluZ1R5cGV0AEhMb3JnL29wZW5zZWFyY2gvc3FsL29wZW5zZWFyY2gvZGF0YS90eXBlL09wZW5TZWFyY2hEYXRhVHlwZSRNYXBwaW5nVHlwZTtMAApwcm9wZXJ0aWVzcQB+AAt4cH5yAClvcmcub3BlbnNlYXJjaC5zcWwuZGF0YS50eXBlLkV4cHJDb3JlVHlwZQAAAAAAAAAAEgAAeHIADmphdmEubGFuZy5FbnVtAAAAAAAAAAASAAB4cHQAB1VOS05PV05+cgBGb3JnLm9wZW5zZWFyY2guc3FsLm9wZW5zZWFyY2guZGF0YS50eXBlLk9wZW5TZWFyY2hEYXRhVHlwZSRNYXBwaW5nVHlwZQAAAAAAAAAAEgAAeHEAfgARdAAEVGV4dHNyADxzaGFkZWQuY29tLmdvb2dsZS5jb21tb24uY29sbGVjdC5JbW11dGFibGVNYXAkU2VyaWFsaXplZEZvcm0AAAAAAAAAAAIAAkwABGtleXN0ABJMamF2YS9sYW5nL09iamVjdDtMAAZ2YWx1ZXNxAH4AGHhwdXIAE1tMamF2YS5sYW5nLk9iamVjdDuQzlifEHMpbAIAAHhwAAAAAHVxAH4AGgAAAABzcQB+AAAAAAADdwQAAAACdAAHa2V5d29yZHNxAH4ADH5xAH4AEHQABlNUUklOR35xAH4AFHQAB0tleXdvcmRxAH4AGXh4eA==\"}","lang":"opensearch_compounded_script","params":{"utcTimestamp": 0}},"boost":1.0}},"_source":{"includes":["account_number","firstname","address","balance","gender","city","employer","state","age","email","lastname"],"excludes":[]}}, requestedTotalSize=10000, pageSize=null, startFrom=0)])
